ARM Linker, 5.03 [Build 76] [MDK-ARM Professional]

==============================================================================

Section Cross References

    startup.o(STACK) refers (Special) to heapauxi.o(.text) for __use_two_region_memory
    startup.o(HEAP) refers (Special) to heapauxi.o(.text) for __use_two_region_memory
    startup.o(RESET) refers (Special) to heapauxi.o(.text) for __use_two_region_memory
    startup.o(RESET) refers to startup.o(STACK) for StackMem
    startup.o(RESET) refers to systick.o(i.SysTick_Handler) for SysTick_Handler
    startup.o(RESET) refers to button0.o(i.GPIOPortC_Handler) for GPIOPortC_Handler
    startup.o(RESET) refers to uart1.o(i.UART1_Handler) for UART1_Handler
    startup.o(RESET) refers to timer0.o(i.Timer0A_Handler) for Timer0A_Handler
    startup.o(RESET) refers to timer1.o(i.Timer1A_Handler) for Timer1A_Handler
    startup.o(RESET) refers to timer2.o(i.Timer2A_Handler) for Timer2A_Handler
    startup.o(RESET) refers to texas.o(i.Timer4A_Handler) for Timer4A_Handler
    startup.o(RESET) refers to texas.o(i.Timer5A_Handler) for Timer5A_Handler
    startup.o(RESET) refers to __main.o(!!!main) for __main
    startup.o(.text) refers (Special) to heapauxi.o(.text) for __use_two_region_memory
    startup.o(.text) refers to startup.o(HEAP) for HeapMem
    startup.o(.text) refers to startup.o(STACK) for StackMem
    random.o(.text) refers to random.o(DATA) for M
    texas.o(i.SetCode) refers to texas.o(.bss) for TExaS
    texas.o(i.SetCourse) refers to texas.o(.bss) for TExaS
    texas.o(i.SetMode) refers to texas.o(.bss) for TExaS
    texas.o(i.StartTimer4) refers to texas.o(.data) for ScopeCount
    texas.o(i.TExaS_Init) refers to texas.o(i.PLL_Init) for PLL_Init
    texas.o(i.TExaS_Init) refers to texas.o(i.SetCourse) for SetCourse
    texas.o(i.TExaS_Init) refers to texas.o(i.UART0_Init) for UART0_Init
    texas.o(i.TExaS_Init) refers to texas.o(i.SetCode) for SetCode
    texas.o(i.TExaS_Init) refers to texas.o(i.ADC1_Init) for ADC1_Init
    texas.o(i.TExaS_Init) refers to texas.o(.constdata) for IntroMsg
    texas.o(i.TExaS_Init) refers to texas.o(.bss) for TExaS
    texas.o(i.TExaS_Init) refers to texas.o(.data) for LastMode
    texas.o(i.Timer5A_Handler) refers to texas.o(i.ADC1_In) for ADC1_In
    texas.o(i.Timer5A_Handler) refers to texas.o(.data) for TExaS_Period
    timer0.o(i.Timer0A_Handler) refers to timer0.o(.data) for PeriodicTask0
    timer0.o(i.Timer0_Init) refers to timer0.o(.data) for PeriodicTask0
    timer1.o(i.Timer1A_Handler) refers to timer1.o(.data) for PeriodicTask1
    timer1.o(i.Timer1_Init) refers to timer1.o(.data) for PeriodicTask1
    sound.o(i.Music_NyanCat) refers to sound.o(i.Music_Play) for Music_Play
    sound.o(i.Music_NyanCat) refers to musiclibrary.o(.constdata) for nyancat
    sound.o(i.Music_Play) refers to sound.o(.data) for MusicWave
    sound.o(i.Music_Stop) refers to sound.o(.data) for MusicIndex
    sound.o(i.Music_Tropical) refers to sound.o(i.Music_Play) for Music_Play
    sound.o(i.Music_Tropical) refers to musiclibrary.o(.constdata) for tropical
    sound.o(i.Play) refers to dac.o(i.DAC_Out) for DAC_Out
    sound.o(i.Play) refers to sound.o(.data) for Counter
    sound.o(i.Sound_Explosion) refers to sound.o(i.Sound_Play) for Sound_Play
    sound.o(i.Sound_Explosion) refers to sound.o(.constdata) for explosion
    sound.o(i.Sound_Fastinvader1) refers to sound.o(i.Sound_Play) for Sound_Play
    sound.o(i.Sound_Fastinvader1) refers to sound.o(.constdata) for fastinvader1
    sound.o(i.Sound_Fastinvader2) refers to sound.o(i.Sound_Play) for Sound_Play
    sound.o(i.Sound_Fastinvader2) refers to sound.o(.constdata) for fastinvader2
    sound.o(i.Sound_Fastinvader3) refers to sound.o(i.Sound_Play) for Sound_Play
    sound.o(i.Sound_Fastinvader3) refers to sound.o(.constdata) for fastinvader3
    sound.o(i.Sound_Fastinvader4) refers to sound.o(i.Sound_Play) for Sound_Play
    sound.o(i.Sound_Fastinvader4) refers to sound.o(.constdata) for fastinvader4
    sound.o(i.Sound_Highpitch) refers to sound.o(i.Sound_Play) for Sound_Play
    sound.o(i.Sound_Highpitch) refers to sound.o(.constdata) for highpitch
    sound.o(i.Sound_Init) refers to dac.o(i.DAC_Init) for DAC_Init
    sound.o(i.Sound_Init) refers to sound.o(.data) for Counter
    sound.o(i.Sound_Killed) refers to sound.o(i.Sound_Play) for Sound_Play
    sound.o(i.Sound_Killed) refers to sound.o(.constdata) for invaderkilled
    sound.o(i.Sound_Menutick1) refers to sound.o(i.Sound_Play) for Sound_Play
    sound.o(i.Sound_Menutick1) refers to sound.o(.constdata) for menutick1
    sound.o(i.Sound_Menutick2) refers to sound.o(i.Sound_Play) for Sound_Play
    sound.o(i.Sound_Menutick2) refers to sound.o(.constdata) for menutick2
    sound.o(i.Sound_Play) refers to sound.o(.data) for Wave
    sound.o(i.Sound_Shoot) refers to sound.o(i.Sound_Play) for Sound_Play
[...]
    ../clib/angel/sys.s                      0x00000000   Number         0  sys_stackheap_outer.o ABSOLUTE
    ../clib/angel/sysapp.c                   0x00000000   Number         0  sys_command.o ABSOLUTE
    ../clib/angel/sysapp.c                   0x00000000   Number         0  sys_exit.o ABSOLUTE
    ../clib/angel/sysapp.c                   0x00000000   Number         0  sys_wrch.o ABSOLUTE
    ../clib/armsys.c                         0x00000000   Number         0  _get_argv_nomalloc.o ABSOLUTE
    ../clib/armsys.c                         0x00000000   Number         0  no_argv.o ABSOLUTE
    ../clib/armsys.c                         0x00000000   Number         0  argv_veneer.o ABSOLUTE
    ../clib/armsys.c                         0x00000000   Number         0  argv_veneer.o ABSOLUTE
    ../clib/heapalloc.c                      0x00000000   Number         0  hrguard.o ABSOLUTE
    ../clib/heapaux.c                        0x00000000   Number         0  heapauxi.o ABSOLUTE
    ../clib/libinit.s                        0x00000000   Number         0  libinit.o ABSOLUTE
    ../clib/libinit.s                        0x00000000   Number         0  libshutdown2.o ABSOLUTE
    ../clib/libinit.s                        0x00000000   Number         0  libshutdown.o ABSOLUTE
    ../clib/libinit.s                        0x00000000   Number         0  libinit2.o ABSOLUTE
    ../clib/memcpset.s                       0x00000000   Number         0  rt_memcpy_w.o ABSOLUTE
    ../clib/signal.c                         0x00000000   Number         0  defsig_exit.o ABSOLUTE
    ../clib/signal.c                         0x00000000   Number         0  defsig_general.o ABSOLUTE
    ../clib/signal.c                         0x00000000   Number         0  __raise.o ABSOLUTE
    ../clib/signal.c                         0x00000000   Number         0  defsig_rtmem_inner.o ABSOLUTE
    ../clib/signal.c                         0x00000000   Number         0  defsig_other.o ABSOLUTE
    ../clib/signal.c                         0x00000000   Number         0  defsig_rtmem_outer.o ABSOLUTE
    ../clib/signal.c                         0x00000000   Number         0  defsig_stak_inner.o ABSOLUTE
    ../clib/signal.c                         0x00000000   Number         0  defsig_rtred_inner.o ABSOLUTE
    ../clib/signal.c                         0x00000000   Number         0  defsig_fpe_inner.o ABSOLUTE
    ../clib/signal.c                         0x00000000   Number         0  defsig_rtmem_formal.o ABSOLUTE
    ../clib/signal.c                         0x00000000   Number         0  defsig_abrt_inner.o ABSOLUTE
    ../clib/signal.c                         0x00000000   Number         0  defsig_segv_inner.o ABSOLUTE
    ../clib/signal.c                         0x00000000   Number         0  defsig_cppl_inner.o ABSOLUTE
    ../clib/signal.c                         0x00000000   Number         0  defsig_pvfn_inner.o ABSOLUTE
    ../clib/signal.s                         0x00000000   Number         0  defsig.o ABSOLUTE
    ../clib/stdlib.c                         0x00000000   Number         0  rand.o ABSOLUTE
    ../clib/stdlib.c                         0x00000000   Number         0  rand.o ABSOLUTE
    ../clib/stdlib.c                         0x00000000   Number         0  exit.o ABSOLUTE
    ../fplib/fpinit.s                        0x00000000   Number         0  fpinit.o ABSOLUTE
    ADC.c                                    0x00000000   Number         0  adc.o ABSOLUTE
    AI.c                                     0x00000000   Number         0  ai.o ABSOLUTE
    Bitmaps.c                                0x00000000   Number         0  bitmaps.o ABSOLUTE
    Button0.c                                0x00000000   Number         0  button0.o ABSOLUTE
    Character.c                              0x00000000   Number         0  character.o ABSOLUTE
    DAC.c                                    0x00000000   Number         0  dac.o ABSOLUTE
    FIFO.c                                   0x00000000   Number         0  fifo.o ABSOLUTE
    HotPotato.c                              0x00000000   Number         0  hotpotato.o ABSOLUTE
    LCD.s                                    0x00000000   Number         0  lcd.o ABSOLUTE
    Menu.c                                   0x00000000   Number         0  menu.o ABSOLUTE
    MusicLibrary.c                           0x00000000   Number         0  musiclibrary.o ABSOLUTE
    Player.c                                 0x00000000   Number         0  player.o ABSOLUTE
    Powerup.c                                0x00000000   Number         0  powerup.o ABSOLUTE
    Print.s                                  0x00000000   Number         0  print.o ABSOLUTE
    ST7735.c                                 0x00000000   Number         0  st7735.o ABSOLUTE
    Screen.c                                 0x00000000   Number         0  screen.o ABSOLUTE
    Sound.c                                  0x00000000   Number         0  sound.o ABSOLUTE
    SysTick.c                                0x00000000   Number         0  systick.o ABSOLUTE
    TExaS.c                                  0x00000000   Number         0  texas.o ABSOLUTE
    Tag.c                                    0x00000000   Number         0  tag.o ABSOLUTE
    Timer0.c                                 0x00000000   Number         0  timer0.o ABSOLUTE
    Timer1.c                                 0x00000000   Number         0  timer1.o ABSOLUTE
    Timer2.c                                 0x00000000   Number         0  timer2.o ABSOLUTE
    UART1.c                                  0x00000000   Number         0  uart1.o ABSOLUTE
    dc.s                                     0x00000000   Number         0  dc.o ABSOLUTE
    random.s                                 0x00000000   Number         0  random.o ABSOLUTE
    startup.s                                0x00000000   Number         0  startup.o ABSOLUTE
    !!!main                                  0x00000284   Section        8  __main.o(!!!main)
    !!!scatter                               0x0000028c   Section       52  __scatter.o(!!!scatter)
    !!handler_copy                           0x000002c0   Section       26  __scatter_copy.o(!!handler_copy)
    !!handler_zi                             0x000002dc   Section       28  __scatter_zi.o(!!handler_zi)
    .ARM.Collect$$libinit$$00000000          0x000002f8   Section        2  libinit.o(.ARM.Collect$$libinit$$00000000)
    .ARM.Collect$$libinit$$00000002          0x000002fa   Section        0  libinit2.o(.ARM.Collect$$libinit$$00000002)
    .ARM.Collect$$libinit$$00000008          0x000002fa   Section        0  libinit2.o(.ARM.Collect$$libinit$$00000008)
    .ARM.Collect$$libinit$$0000000A          0x000002fa   Section        0  libinit2.o(.ARM.Collect$$libinit$$0000000A)
    .ARM.Collect$$libinit$$0000000B          0x000002fa   Section        4  libinit2.o(.ARM.Collect$$libinit$$0000000B)
    .ARM.Collect$$libinit$$0000000C          0x000002fe   Section        0  libinit2.o(.ARM.Collect$$libinit$$0000000C)
    .ARM.Collect$$libinit$$0000000F          0x000002fe   Section        0  libinit2.o(.ARM.Collect$$libinit$$0000000F)
    .ARM.Collect$$libinit$$00000011          0x000002fe   Section        0  libinit2.o(.ARM.Collect$$libinit$$00000011)
    .ARM.Collect$$libinit$$00000013          0x000002fe   Section        0  libinit2.o(.ARM.Collect$$libinit$$00000013)
    .ARM.Collect$$libinit$$00000015          0x000002fe   Section        0  libinit2.o(.ARM.Collect$$libinit$$00000015)
    .ARM.Collect$$libinit$$00000017          0x000002fe   Section        0  libinit2.o(.ARM.Collect$$libinit$$00000017)
    .ARM.Collect$$libinit$$00000019          0x000002fe   Section        0  libinit2.o(.ARM.Collect$$libinit$$00000019)
    .ARM.Collect$$libinit$$0000001B          0x000002fe   Section        0  libinit2.o(.ARM.Collect$$libinit$$0000001B)
    .ARM.Collect$$libinit$$0000001D          0x000002fe   Section        0  libinit2.o(.ARM.Collect$$libinit$$0000001D)
    .ARM.Collect$$libinit$$0000001F          0x000002fe   Section        0  libinit2.o(.ARM.Collect$$libinit$$0000001F)
    .ARM.Collect$$libinit$$00000021          0x000002fe   Section        0  libinit2.o(.ARM.Collect$$libinit$$00000021)
    .ARM.Collect$$libinit$$00000023          0x000002fe   Section        0  libinit2.o(.ARM.Collect$$libinit$$00000023)
    .ARM.Collect$$libinit$$0000002A          0x000002fe   Section        0  libinit2.o(.ARM.Collect$$libinit$$0000002A)
    .ARM.Collect$$libinit$$0000002C          0x000002fe   Section        0  libinit2.o(.ARM.Collect$$libinit$$0000002C)
    .ARM.Collect$$libinit$$0000002E          0x000002fe   Section        0  libinit2.o(.ARM.Collect$$libinit$$0000002E)
    .ARM.Collect$$libinit$$00000030          0x000002fe   Section        0  libinit2.o(.ARM.Collect$$libinit$$00000030)
    .ARM.Collect$$libinit$$00000031          0x000002fe   Section        2  libinit2.o(.ARM.Collect$$libinit$$00000031)
    .ARM.Collect$$libshutdown$$00000000      0x00000300   Section        2  libshutdown.o(.ARM.Collect$$libshutdown$$00000000)
    .ARM.Collect$$libshutdown$$00000003      0x00000302   Section        0  libshutdown2.o(.ARM.Collect$$libshutdown$$00000003)
    .ARM.Collect$$libshutdown$$00000006      0x00000302   Section        0  libshutdown2.o(.ARM.Collect$$libshutdown$$00000006)
    .ARM.Collect$$libshutdown$$00000009      0x00000302   Section        0  libshutdown2.o(.ARM.Collect$$libshutdown$$00000009)
    .ARM.Collect$$libshutdown$$0000000B      0x00000302   Section        0  libshutdown2.o(.ARM.Collect$$libshutdown$$0000000B)
    .ARM.Collect$$libshutdown$$0000000E      0x00000302   Section        0  libshutdown2.o(.ARM.Collect$$libshutdown$$0000000E)
    .ARM.Collect$$libshutdown$$0000000F      0x00000302   Section        2  libshutdown2.o(.ARM.Collect$$libshutdown$$0000000F)
    .ARM.Collect$$rtentry$$00000000          0x00000304   Section        0  rtentry.o(.ARM.Collect$$rtentry$$00000000)
    .ARM.Collect$$rtentry$$00000002          0x00000304   Section        0  rtentry2.o(.ARM.Collect$$rtentry$$00000002)
    .ARM.Collect$$rtentry$$00000004          0x00000304   Section        6  rtentry4.o(.ARM.Collect$$rtentry$$00000004)
    .ARM.Collect$$rtentry$$00000009          0x0000030a   Section        0  rtentry2.o(.ARM.Collect$$rtentry$$00000009)
    .ARM.Collect$$rtentry$$0000000A          0x0000030a   Section        4  rtentry2.o(.ARM.Collect$$rtentry$$0000000A)
    .ARM.Collect$$rtentry$$0000000C          0x0000030e   Section        0  rtentry2.o(.ARM.Collect$$rtentry$$0000000C)
    .ARM.Collect$$rtentry$$0000000D          0x0000030e   Section        8  rtentry2.o(.ARM.Collect$$rtentry$$0000000D)
    .ARM.Collect$$rtexit$$00000000           0x00000316   Section        2  rtexit.o(.ARM.Collect$$rtexit$$00000000)
    .ARM.Collect$$rtexit$$00000002           0x00000318   Section        0  rtexit2.o(.ARM.Collect$$rtexit$$00000002)
    .ARM.Collect$$rtexit$$00000003           0x00000318   Section        4  rtexit2.o(.ARM.Collect$$rtexit$$00000003)
    .ARM.Collect$$rtexit$$00000004           0x0000031c   Section        6  rtexit2.o(.ARM.Collect$$rtexit$$00000004)
    .emb_text                                0x00000324   Section       52  rand.o(.emb_text)
    .text                                    0x00000358   Section       48  startup.o(.text)
    .text                                    0x00000388   Section       60  random.o(.text)
    .text                                    0x000003c4   Section      204  print.o(.text)
    .text                                    0x00000490   Section       80  lcd.o(.text)
    .text                                    0x000004e0   Section        0  rand.o(.text)
    .text                                    0x0000051c   Section      100  rt_memcpy_w.o(.text)
    .text                                    0x00000580   Section        0  heapauxi.o(.text)
    .text                                    0x00000586   Section       74  sys_stackheap_outer.o(.text)
    .text                                    0x000005d0   Section        0  exit.o(.text)
    .text                                    0x000005dc   Section        8  libspace.o(.text)
    .text                                    0x000005e4   Section        2  use_no_semi.o(.text)
    .text                                    0x000005e6   Section        0  indicate_semi.o(.text)
    .text                                    0x000005e8   Section        0  sys_exit.o(.text)
    i.ADC0_In                                0x000005f4   Section        0  adc.o(i.ADC0_In)
    i.ADC0_Init                              0x0000062c   Section        0  adc.o(i.ADC0_Init)
    i.ADC1_In                                0x0000070c   Section        0  texas.o(i.ADC1_In)
    i.ADC1_Init                              0x00000718   Section        0  texas.o(i.ADC1_Init)
    i.AI_AI1                                 0x000007f0   Section        0  ai.o(i.AI_AI1)
    i.AI_AI3                                 0x000008dc   Section        0  ai.o(i.AI_AI3)
    i.AI_AI4                                 0x00000d18   Section        0  ai.o(i.AI_AI4)
    i.AI_Init                                0x00001070   Section        0  ai.o(i.AI_Init)
    i.AI_Update                              0x000011d0   Section        0  ai.o(i.AI_Update)
    i.Button0_Init                           0x0000124c   Section        0  button0.o(i.Button0_Init)
    i.Button0_Pressed                        0x000012fc   Section        0  button0.o(i.Button0_Pressed)
    i.Character_Collision                    0x00001314   Section        0  character.o(i.Character_Collision)
    i.Character_Draw                         0x000015d0   Section        0  character.o(i.Character_Draw)
    i.Character_DrawCharacters               0x00001640   Section        0  character.o(i.Character_DrawCharacters)
    i.Character_UpdateCollisions             0x000016f8   Section        0  character.o(i.Character_UpdateCollisions)
    i.Character_UpdateCollisionsP            0x00001708   Section        0  character.o(i.Character_UpdateCollisionsP)
    i.Character_UpdateCollisionsS            0x000017c8   Section        0  character.o(i.Character_UpdateCollisionsS)
    i.Character_UpdatePowerups               0x00001994   Section        0  character.o(i.Character_UpdatePowerups)
    i.DAC_Init                               0x00001af4   Section        0  dac.o(i.DAC_Init)
    i.DAC_Out                                0x00001b74   Section        0  dac.o(i.DAC_Out)
    i.Delay100ms                             0x00001b8c   Section        0  menu.o(i.Delay100ms)
    i.Delay1ms                               0x00001bb0   Section        0  st7735.o(i.Delay1ms)
    i.FIFO_Put                               0x00001bd0   Section        0  fifo.o(i.FIFO_Put)
    i.GPIOPortC_Handler                      0x00001c1c   Section        0  button0.o(i.GPIOPortC_Handler)
    i.HotPotato_Burn                         0x00001c40   Section        0  hotpotato.o(i.HotPotato_Burn)
    i.HotPotato_Cooldown                     0x00001c88   Section        0  hotpotato.o(i.HotPotato_Cooldown)
    i.HotPotato_DrawStatus                   0x00001cd0   Section        0  hotpotato.o(i.HotPotato_DrawStatus)
    i.HotPotato_Eliminate                    0x00001e64   Section        0  hotpotato.o(i.HotPotato_Eliminate)
    i.HotPotato_Init                         0x00001ee4   Section        0  hotpotato.o(i.HotPotato_Init)
    i.HotPotato_SetIt                        0x00001f30   Section        0  hotpotato.o(i.HotPotato_SetIt)
    i.HotPotato_Update                       0x00001fac   Section        0  hotpotato.o(i.HotPotato_Update)
    i.HotPotato_WhosIt                       0x00001fc0   Section        0  hotpotato.o(i.HotPotato_WhosIt)
    i.Master_Funk                            0x00001fcc   Section        0  tag.o(i.Master_Funk)
    i.Menu_Game                              0x00001ffc   Section        0  menu.o(i.Menu_Game)
    i.Menu_Init                              0x00002040   Section        0  menu.o(i.Menu_Init)
    i.Menu_Pregame                           0x0000204c   Section        0  menu.o(i.Menu_Pregame)
    i.Menu_Start                             0x000027a4   Section        0  menu.o(i.Menu_Start)
    i.Music_Stop                             0x00002808   Section        0  sound.o(i.Music_Stop)
    i.Output_Init                            0x00002824   Section        0  st7735.o(i.Output_Init)
    i.PLL_Init                               0x00002834   Section        0  texas.o(i.PLL_Init)
    i.Play                                   0x000028b0   Section        0  sound.o(i.Play)
    i.Player_InitP                           0x000029bc   Section        0  player.o(i.Player_InitP)
    i.Player_Move                            0x000029f8   Section        0  player.o(i.Player_Move)
    i.Player_Update                          0x00002a1c   Section        0  player.o(i.Player_Update)
    i.Player_UpdateVelocity                  0x00002a80   Section        0  player.o(i.Player_UpdateVelocity)
    i.PowerUp_HPUp                           0x00002ce4   Section        0  powerup.o(i.PowerUp_HPUp)
    i.PowerUp_Shield                         0x00002cf4   Section        0  powerup.o(i.PowerUp_Shield)
    i.PowerUp_SlowDown                       0x00002d3c   Section        0  powerup.o(i.PowerUp_SlowDown)
    i.PowerUp_SpeedUp                        0x00002d6a   Section        0  powerup.o(i.PowerUp_SpeedUp)
    i.Powerup_Draw                           0x00002d98   Section        0  powerup.o(i.Powerup_Draw)
    i.Powerup_DrawPowerups                   0x00002dd8   Section        0  powerup.o(i.Powerup_DrawPowerups)
    i.Powerup_Generate                       0x00002e14   Section        0  powerup.o(i.Powerup_Generate)
    i.Powerup_Init                           0x00002efc   Section        0  powerup.o(i.Powerup_Init)
    i.ST7735_DrawBitmap                      0x00002f88   Section        0  st7735.o(i.ST7735_DrawBitmap)
    i.ST7735_DrawCharS                       0x000030a8   Section        0  st7735.o(i.ST7735_DrawCharS)
    i.ST7735_DrawFastHLine                   0x0000319c   Section        0  st7735.o(i.ST7735_DrawFastHLine)
    i.ST7735_DrawFastVLine                   0x00003218   Section        0  st7735.o(i.ST7735_DrawFastVLine)
    i.ST7735_DrawPixel                       0x00003294   Section        0  st7735.o(i.ST7735_DrawPixel)
    i.ST7735_DrawString                      0x000032dc   Section        0  st7735.o(i.ST7735_DrawString)
    i.ST7735_FillRect                        0x00003334   Section        0  st7735.o(i.ST7735_FillRect)
    i.ST7735_FillScreen                      0x000033e0   Section        0  st7735.o(i.ST7735_FillScreen)
    i.ST7735_InitR                           0x00003404   Section        0  st7735.o(i.ST7735_InitR)
    i.ST7735_OutChar                         0x00003480   Section        0  st7735.o(i.ST7735_OutChar)
    i.ST7735_OutString                       0x00003558   Section        0  st7735.o(i.ST7735_OutString)
    i.ST7735_SetCursor                       0x00003570   Section        0  st7735.o(i.ST7735_SetCursor)
    i.ST7735_SetTextColor                    0x00003590   Section        0  st7735.o(i.ST7735_SetTextColor)
    i.Screen_Draw                            0x0000359c   Section        0  screen.o(i.Screen_Draw)
    i.Screen_Move                            0x000037cc   Section        0  screen.o(i.Screen_Move)
    i.Screen_Update                          0x000038fc   Section        0  screen.o(i.Screen_Update)
    i.SetCode                                0x00003908   Section        0  texas.o(i.SetCode)
    i.SetCourse                              0x00003920   Section        0  texas.o(i.SetCourse)
    i.Sound_Highpitch                        0x00003938   Section        0  sound.o(i.Sound_Highpitch)
    i.Sound_Init                             0x0000394c   Section        0  sound.o(i.Sound_Init)
    i.Sound_Menutick1                        0x00003968   Section        0  sound.o(i.Sound_Menutick1)
    i.Sound_Menutick2                        0x0000397c   Section        0  sound.o(i.Sound_Menutick2)
    i.Sound_Play                             0x00003990   Section        0  sound.o(i.Sound_Play)
    i.Sound_Shoot                            0x000039b8   Section        0  sound.o(i.Sound_Shoot)
    i.SysTick_Handler                        0x000039cc   Section        0  systick.o(i.SysTick_Handler)
    i.SysTick_Init                           0x000039d8   Section        0  systick.o(i.SysTick_Init)
    i.SysTick_Start                          0x000039f4   Section        0  systick.o(i.SysTick_Start)
    i.TExaS_Init                             0x00003a04   Section        0  texas.o(i.TExaS_Init)
    i.Timer0A_Handler                        0x00003bc4   Section        0  timer0.o(i.Timer0A_Handler)
    i.Timer0_Init                            0x00003bdc   Section        0  timer0.o(i.Timer0_Init)
    i.Timer1A_Handler                        0x00003c3c   Section        0  timer1.o(i.Timer1A_Handler)
    i.Timer1_Init                            0x00003c54   Section        0  timer1.o(i.Timer1_Init)
    i.Timer2A_Handler                        0x00003cb4   Section        0  timer2.o(i.Timer2A_Handler)
    i.Timer4A_Handler                        0x00003d4c   Section        0  texas.o(i.Timer4A_Handler)
    i.Timer5A_Handler                        0x00003d6c   Section        0  texas.o(i.Timer5A_Handler)
    i.UART0_Init                             0x00003d9c   Section        0  texas.o(i.UART0_Init)
    i.UART1_Handler                          0x00003e5c   Section        0  uart1.o(i.UART1_Handler)
    i.UART1_Init                             0x00003eb0   Section        0  uart1.o(i.UART1_Init)
    i.UART1_OutChar                          0x00003f8c   Section        0  uart1.o(i.UART1_OutChar)
    i.commandList                            0x00003fa4   Section        0  st7735.o(i.commandList)
    commandList                              0x00003fa5   Thumb Code    86  st7735.o(i.commandList)
    i.commonInit                             0x00003ffc   Section        0  st7735.o(i.commonInit)
    commonInit                               0x00003ffd   Thumb Code   340  st7735.o(i.commonInit)
    i.main                                   0x00004180   Section        0  tag.o(i.main)
    i.pushColor                              0x000041c8   Section        0  st7735.o(i.pushColor)
    pushColor                                0x000041c9   Thumb Code    18  st7735.o(i.pushColor)
    i.setAddrWindow                          0x000041dc   Section        0  st7735.o(i.setAddrWindow)
    setAddrWindow                            0x000041dd   Thumb Code   106  st7735.o(i.setAddrWindow)
    .constdata                               0x00004250   Section      360  texas.o(.constdata)
    .constdata                               0x000043b8   Section    17132  sound.o(.constdata)
    .constdata                               0x000086a4   Section     2018  st7735.o(.constdata)
    Font                                     0x000086a4   Data        1275  st7735.o(.constdata)
    Bcmd                                     0x00008b9f   Data         103  st7735.o(.constdata)
    Rcmd1                                    0x00008c06   Data          59  st7735.o(.constdata)
    Rcmd2green                               0x00008c41   Data          13  st7735.o(.constdata)
    Rcmd2red                                 0x00008c4e   Data          13  st7735.o(.constdata)
    Rcmd3                                    0x00008c5b   Data          43  st7735.o(.constdata)
    .constdata                               0x00008e86   Section     3584  screen.o(.constdata)
    .constdata                               0x00009c86   Section      672  character.o(.constdata)
    .constdata                               0x00009f28   Section    17354  bitmaps.o(.constdata)
    .constdata                               0x0000e2f2   Section    11216  menu.o(.constdata)
    .constdata                               0x00010ec4   Section      100  powerup.o(.constdata)
    .data                                    0x20000000   Section       52  texas.o(.data)
    .data                                    0x20000034   Section        4  timer0.o(.data)
    .data                                    0x20000038   Section        4  timer1.o(.data)
    .data                                    0x2000003c   Section       28  sound.o(.data)
    .data                                    0x20000058   Section       44  st7735.o(.data)
    _width                                   0x20000062   Data           2  st7735.o(.data)
    _height                                  0x20000064   Data           2  st7735.o(.data)
    ColStart                                 0x2000006c   Data           1  st7735.o(.data)
    RowStart                                 0x2000006d   Data           1  st7735.o(.data)
    Rotation                                 0x2000006e   Data           1  st7735.o(.data)
    TabColor                                 0x2000006f   Data           1  st7735.o(.data)
    .data                                    0x20000084   Section       24  screen.o(.data)
    .data                                    0x2000009c   Section        4  hotpotato.o(.data)
    .data                                    0x200000a0   Section        8  timer2.o(.data)
    .data                                    0x200000a8   Section        2  menu.o(.data)
    .data                                    0x200000ac   Section        6  button0.o(.data)
    .data                                    0x200000b4   Section        8  uart1.o(.data)
    .data                                    0x200000bc   Section        8  fifo.o(.data)
    DATA                                     0x200000c4   Section        4  random.o(DATA)
    M                                        0x200000c4   Data           4  random.o(DATA)
    .bss                                     0x200000c8   Section       56  texas.o(.bss)
    .bss                                     0x20000100   Section      612  character.o(.bss)
    .bss                                     0x20000364   Section      100  powerup.o(.bss)
    .bss                                     0x200003c8   Section       17  fifo.o(.bss)
    .bss                                     0x200003dc   Section      228  rand.o(.bss)
    .bss                                     0x200004c0   Section       96  libspace.o(.bss)
    HEAP                                     0x20000520   Section        0  startup.o(HEAP)
    STACK                                    0x20000520   Section     1024  startup.o(STACK)
    HeapMem                                  0x20000520   Data           0  startup.o(HEAP)
    StackMem                                 0x20000520   Data           0  startup.o(STACK)

    Global Symbols

    Symbol Name                              Value     Ov Type        Size  Object(Section)

    BuildAttributes$$THM_ISAv4$E$P$D$K$B$S$7EM$PE$A:L22UL41UL21$X:L11$S22US41US21$IEEE1$IW$USESV6$~STKCKD$USESV7$~SHL$OSPACE$ROPI$EBA8$UX$STANDARDLIB$REQ8$PRES8$EABIv2 0x00000000   Number         0  anon$$obj.o ABSOLUTE
    __ARM_use_no_argv                        0x00000000   Number         0  tag.o ABSOLUTE
    __Vectors                                0x00000000   Data           0  startup.o(RESET)
    __ARM_exceptions_init                     - Undefined Weak Reference
    __alloca_initialize                       - Undefined Weak Reference
    __cpp_initialize__aeabi_                  - Undefined Weak Reference
    __cxa_finalize                            - Undefined Weak Reference
    __rt_locale                               - Undefined Weak Reference
    __sigvec_lookup                           - Undefined Weak Reference
    _atexit_init                              - Undefined Weak Reference
    _call_atexit_fns                          - Undefined Weak Reference
    _clock_init                               - Undefined Weak Reference
    _fp_trap_init                             - Undefined Weak Reference
    _fp_trap_shutdown                         - Undefined Weak Reference
    _get_lc_collate                           - Undefined Weak Reference
    _get_lc_ctype                             - Undefined Weak Reference
    _get_lc_monetary                          - Undefined Weak Reference
    _get_lc_numeric                           - Undefined Weak Reference
    _get_lc_time                              - Undefined Weak Reference
    _getenv_init                              - Undefined Weak Reference
    _handle_redirection                       - Undefined Weak Reference
    _init_alloc                               - Undefined Weak Reference
    _init_user_alloc                          - Undefined Weak Reference
    _initio                                   - Undefined Weak Reference
    _signal_finish                            - Undefined Weak Reference
    _signal_init                              - Undefined Weak Reference
    _terminate_alloc                          - Undefined Weak Reference
    _terminate_user_alloc                     - Undefined Weak Reference
    _terminateio                              - Undefined Weak Reference
    Reset_Handler                            0x0000026d   Thumb Code     0  startup.o(RESET)
    NMI_Handler                              0x00000271   Thumb Code     2  startup.o(RESET)
    HardFault_Handler                        0x00000273   Thumb Code     2  startup.o(RESET)
    MemManage_Handler                        0x00000275   Thumb Code     2  startup.o(RESET)
    BusFault_Handler                         0x00000277   Thumb Code     2  startup.o(RESET)
    UsageFault_Handler                       0x00000279   Thumb Code     2  startup.o(RESET)
    SVC_Handler                              0x0000027b   Thumb Code     2  startup.o(RESET)
    DebugMon_Handler                         0x0000027d   Thumb Code     2  startup.o(RESET)
    PendSV_Handler                           0x0000027f   Thumb Code     2  startup.o(RESET)
    ADC0Seq0_Handler                         0x00000283   Thumb Code     0  startup.o(RESET)
    ADC0Seq1_Handler                         0x00000283   Thumb Code     0  startup.o(RESET)
    ADC0Seq2_Handler                         0x00000283   Thumb Code     0  startup.o(RESET)
    ADC0Seq3_Handler                         0x00000283   Thumb Code     0  startup.o(RESET)
    ADC1Seq0_Handler                         0x00000283   Thumb Code     0  startup.o(RESET)
    ADC1Seq1_Handler                         0x00000283   Thumb Code     0  startup.o(RESET)
    ADC1Seq2_Handler                         0x00000283   Thumb Code     0  startup.o(RESET)
    ADC1Seq3_Handler                         0x00000283   Thumb Code     0  startup.o(RESET)
    CAN0_Handler                             0x00000283   Thumb Code     0  startup.o(RESET)
    CAN1_Handler                             0x00000283   Thumb Code     0  startup.o(RESET)
    CAN2_Handler                             0x00000283   Thumb Code     0  startup.o(RESET)
    Comp0_Handler                            0x00000283   Thumb Code     0  startup.o(RESET)
    Comp1_Handler                            0x00000283   Thumb Code     0  startup.o(RESET)
    Comp2_Handler                            0x00000283   Thumb Code     0  startup.o(RESET)
    Ethernet_Handler                         0x00000283   Thumb Code     0  startup.o(RESET)
    ExtBus_Handler                           0x00000283   Thumb Code     0  startup.o(RESET)
    FPU_Handler                              0x00000283   Thumb Code     0  startup.o(RESET)
    Fan0_Handler                             0x00000283   Thumb Code     0  startup.o(RESET)
    FlashCtl_Handler                         0x00000283   Thumb Code     0  startup.o(RESET)
    GPIOPortA_Handler                        0x00000283   Thumb Code     0  startup.o(RESET)
    GPIOPortB_Handler                        0x00000283   Thumb Code     0  startup.o(RESET)
    GPIOPortD_Handler                        0x00000283   Thumb Code     0  startup.o(RESET)
    GPIOPortE_Handler                        0x00000283   Thumb Code     0  startup.o(RESET)
    GPIOPortF_Handler                        0x00000283   Thumb Code     0  startup.o(RESET)
    GPIOPortG_Handler                        0x00000283   Thumb Code     0  startup.o(RESET)
    GPIOPortH_Handler                        0x00000283   Thumb Code     0  startup.o(RESET)
    GPIOPortJ_Handler                        0x00000283   Thumb Code     0  startup.o(RESET)
    GPIOPortK_Handler                        0x00000283   Thumb Code     0  startup.o(RESET)
    GPIOPortL_Handler                        0x00000283   Thumb Code     0  startup.o(RESET)
    GPIOPortM_Handler                        0x00000283   Thumb Code     0  startup.o(RESET)
    GPIOPortN_Handler                        0x00000283   Thumb Code     0  startup.o(RESET)
    GPIOPortP1_Handler                       0x00000283   Thumb Code     0  startup.o(RESET)
    GPIOPortP2_Handler                       0x00000283   Thumb Code     0  startup.o(RESET)
    GPIOPortP3_Handler                       0x00000283   Thumb Code     0  startup.o(RESET)
    GPIOPortP4_Handler                       0x00000283   Thumb Code     0  startup.o(RESET)
    GPIOPortP5_Handler                       0x00000283   Thumb Code     0  startup.o(RESET)
    GPIOPortP6_Handler                       0x00000283   Thumb Code     0  startup.o(RESET)
    GPIOPortP7_Handler                       0x00000283   Thumb Code     0  startup.o(RESET)
    GPIOPortP_Handler                        0x00000283   Thumb Code     0  startup.o(RESET)
    GPIOPortQ1_Handler                       0x00000283   Thumb Code     0  startup.o(RESET)
    GPIOPortQ2_Handler                       0x00000283   Thumb Code     0  startup.o(RESET)
    GPIOPortQ3_Handler                       0x00000283   Thumb Code     0  startup.o(RESET)
    GPIOPortQ4_Handler                       0x00000283   Thumb Code     0  startup.o(RESET)
    GPIOPortQ5_Handler                       0x00000283   Thumb Code     0  startup.o(RESET)
    GPIOPortQ6_Handler                       0x00000283   Thumb Code     0  startup.o(RESET)
    GPIOPortQ7_Handler                       0x00000283   Thumb Code     0  startup.o(RESET)
    GPIOPortQ_Handler                        0x00000283   Thumb Code     0  startup.o(RESET)
    GPIOPortR_Handler                        0x00000283   Thumb Code     0  startup.o(RESET)
    GPIOPortS_Handler                        0x00000283   Thumb Code     0  startup.o(RESET)
    Hibernate_Handler                        0x00000283   Thumb Code     0  startup.o(RESET)
    I2C0_Handler                             0x00000283   Thumb Code     0  startup.o(RESET)
    I2C1_Handler                             0x00000283   Thumb Code     0  startup.o(RESET)
    I2C2_Handler                             0x00000283   Thumb Code     0  startup.o(RESET)
    I2C3_Handler                             0x00000283   Thumb Code     0  startup.o(RESET)
    I2C4_Handler                             0x00000283   Thumb Code     0  startup.o(RESET)
    I2C5_Handler                             0x00000283   Thumb Code     0  startup.o(RESET)
    I2S0_Handler                             0x00000283   Thumb Code     0  startup.o(RESET)
    LPC0_Handler                             0x00000283   Thumb Code     0  startup.o(RESET)
    PECI0_Handler                            0x00000283   Thumb Code     0  startup.o(RESET)
    PWM0Fault_Handler                        0x00000283   Thumb Code     0  startup.o(RESET)
    PWM0Generator0_Handler                   0x00000283   Thumb Code     0  startup.o(RESET)
    PWM0Generator1_Handler                   0x00000283   Thumb Code     0  startup.o(RESET)
    PWM0Generator2_Handler                   0x00000283   Thumb Code     0  startup.o(RESET)
    PWM0Generator3_Handler                   0x00000283   Thumb Code     0  startup.o(RESET)
    PWM1Fault_Handler                        0x00000283   Thumb Code     0  startup.o(RESET)
    PWM1Generator0_Handler                   0x00000283   Thumb Code     0  startup.o(RESET)
    PWM1Generator1_Handler                   0x00000283   Thumb Code     0  startup.o(RESET)
    PWM1Generator2_Handler                   0x00000283   Thumb Code     0  startup.o(RESET)
    PWM1Generator3_Handler                   0x00000283   Thumb Code     0  startup.o(RESET)
    Quadrature0_Handler                      0x00000283   Thumb Code     0  startup.o(RESET)
    Quadrature1_Handler                      0x00000283   Thumb Code     0  startup.o(RESET)
    Quadrature2_Handler                      0x00000283   Thumb Code     0  startup.o(RESET)
    SSI0_Handler                             0x00000283   Thumb Code     0  startup.o(RESET)
    SSI1_Handler                             0x00000283   Thumb Code     0  startup.o(RESET)
    SSI2_Handler                             0x00000283   Thumb Code     0  startup.o(RESET)
    SSI3_Handler                             0x00000283   Thumb Code     0  startup.o(RESET)
    SysCtl_Handler                           0x00000283   Thumb Code     0  startup.o(RESET)
    Timer0B_Handler                          0x00000283   Thumb Code     0  startup.o(RESET)
    Timer1B_Handler                          0x00000283   Thumb Code     0  startup.o(RESET)
    Timer2B_Handler                          0x00000283   Thumb Code     0  startup.o(RESET)
    Timer3A_Handler                          0x00000283   Thumb Code     0  startup.o(RESET)
    Timer3B_Handler                          0x00000283   Thumb Code     0  startup.o(RESET)
    Timer4B_Handler                          0x00000283   Thumb Code     0  startup.o(RESET)
    Timer5B_Handler                          0x00000283   Thumb Code     0  startup.o(RESET)
    UART0_Handler                            0x00000283   Thumb Code     0  startup.o(RESET)
    UART2_Handler                            0x00000283   Thumb Code     0  startup.o(RESET)
    UART3_Handler                            0x00000283   Thumb Code     0  startup.o(RESET)
    UART4_Handler                            0x00000283   Thumb Code     0  startup.o(RESET)
    UART5_Handler                            0x00000283   Thumb Code     0  startup.o(RESET)
    UART6_Handler                            0x00000283   Thumb Code     0  startup.o(RESET)
    UART7_Handler                            0x00000283   Thumb Code     0  startup.o(RESET)
    USB0_Handler                             0x00000283   Thumb Code     0  startup.o(RESET)
    WDT_Handler                              0x00000283   Thumb Code     0  startup.o(RESET)
    WideTimer0A_Handler                      0x00000283   Thumb Code     0  startup.o(RESET)
    WideTimer0B_Handler                      0x00000283   Thumb Code     0  startup.o(RESET)
    WideTimer1A_Handler                      0x00000283   Thumb Code     0  startup.o(RESET)
    WideTimer1B_Handler                      0x00000283   Thumb Code     0  startup.o(RESET)
    WideTimer2A_Handler                      0x00000283   Thumb Code     0  startup.o(RESET)
    WideTimer2B_Handler                      0x00000283   Thumb Code     0  startup.o(RESET)
    WideTimer3A_Handler                      0x00000283   Thumb Code     0  startup.o(RESET)
    WideTimer3B_Handler                      0x00000283   Thumb Code     0  startup.o(RESET)
    WideTimer4A_Handler                      0x00000283   Thumb Code     0  startup.o(RESET)
    WideTimer4B_Handler                      0x00000283   Thumb Code     0  startup.o(RESET)
    WideTimer5A_Handler                      0x00000283   Thumb Code     0  startup.o(RESET)
    WideTimer5B_Handler                      0x00000283   Thumb Code     0  startup.o(RESET)
    uDMA_Error                               0x00000283   Thumb Code     0  startup.o(RESET)
    uDMA_Handler                             0x00000283   Thumb Code     0  startup.o(RESET)
    __main                                   0x00000285   Thumb Code     8  __main.o(!!!main)
    __scatterload                            0x0000028d   Thumb Code     0  __scatter.o(!!!scatter)
    __scatterload_rt2                        0x0000028d   Thumb Code    44  __scatter.o(!!!scatter)
    __scatterload_rt2_thumb_only             0x0000028d   Thumb Code     0  __scatter.o(!!!scatter)
    __scatterload_null                       0x0000029b   Thumb Code     0  __scatter.o(!!!scatter)
    __scatterload_copy                       0x000002c1   Thumb Code    26  __scatter_copy.o(!!handler_copy)
    __scatterload_zeroinit                   0x000002dd   Thumb Code    28  __scatter_zi.o(!!handler_zi)
    __rt_lib_init                            0x000002f9   Thumb Code     0  libinit.o(.ARM.Collect$$libinit$$00000000)
    __rt_lib_init_fp_1                       0x000002fb   Thumb Code     0  libinit2.o(.ARM.Collect$$libinit$$00000002)
    __rt_lib_init_heap_1                     0x000002fb   Thumb Code     0  libinit2.o(.ARM.Collect$$libinit$$00000008)
    __rt_lib_init_rand_2                     0x000002fb   Thumb Code     0  libinit2.o(.ARM.Collect$$libinit$$0000000B)
    __rt_lib_init_user_alloc_1               0x000002fb   Thumb Code     0  libinit2.o(.ARM.Collect$$libinit$$0000000A)
    __rt_lib_init_alloca_1                   0x000002ff   Thumb Code     0  libinit2.o(.ARM.Collect$$libinit$$0000002C)
    __rt_lib_init_argv_1                     0x000002ff   Thumb Code     0  libinit2.o(.ARM.Collect$$libinit$$0000002A)
    __rt_lib_init_atexit_1                   0x000002ff   Thumb Code     0  libinit2.o(.ARM.Collect$$libinit$$00000019)
    __rt_lib_init_clock_1                    0x000002ff   Thumb Code     0  libinit2.o(.ARM.Collect$$libinit$$0000001F)
    __rt_lib_init_cpp_1                      0x000002ff   Thumb Code     0  libinit2.o(.ARM.Collect$$libinit$$00000030)
    __rt_lib_init_exceptions_1               0x000002ff   Thumb Code     0  libinit2.o(.ARM.Collect$$libinit$$0000002E)
    __rt_lib_init_fp_trap_1                  0x000002ff   Thumb Code     0  libinit2.o(.ARM.Collect$$libinit$$0000001D)
    __rt_lib_init_getenv_1                   0x000002ff   Thumb Code     0  libinit2.o(.ARM.Collect$$libinit$$00000021)
    __rt_lib_init_lc_collate_1               0x000002ff   Thumb Code     0  libinit2.o(.ARM.Collect$$libinit$$0000000F)
    __rt_lib_init_lc_ctype_1                 0x000002ff   Thumb Code     0  libinit2.o(.ARM.Collect$$libinit$$00000011)
    __rt_lib_init_lc_monetary_1              0x000002ff   Thumb Code     0  libinit2.o(.ARM.Collect$$libinit$$00000013)
    __rt_lib_init_lc_numeric_1               0x000002ff   Thumb Code     0  libinit2.o(.ARM.Collect$$libinit$$00000015)
    __rt_lib_init_lc_time_1                  0x000002ff   Thumb Code     0  libinit2.o(.ARM.Collect$$libinit$$00000017)
    __rt_lib_init_rand_1                     0x000002ff   Thumb Code     0  libinit2.o(.ARM.Collect$$libinit$$0000000C)
    __rt_lib_init_return                     0x000002ff   Thumb Code     0  libinit2.o(.ARM.Collect$$libinit$$00000031)
    __rt_lib_init_signal_1                   0x000002ff   Thumb Code     0  libinit2.o(.ARM.Collect$$libinit$$0000001B)
    __rt_lib_init_stdio_1                    0x000002ff   Thumb Code     0  libinit2.o(.ARM.Collect$$libinit$$00000023)
    __rt_lib_shutdown                        0x00000301   Thumb Code     0  libshutdown.o(.ARM.Collect$$libshutdown$$00000000)
    __rt_lib_shutdown_fp_trap_1              0x00000303   Thumb Code     0  libshutdown2.o(.ARM.Collect$$libshutdown$$00000006)
    __rt_lib_shutdown_heap_1                 0x00000303   Thumb Code     0  libshutdown2.o(.ARM.Collect$$libshutdown$$0000000E)
    __rt_lib_shutdown_return                 0x00000303   Thumb Code     0  libshutdown2.o(.ARM.Collect$$libshutdown$$0000000F)
    __rt_lib_shutdown_signal_1               0x00000303   Thumb Code     0  libshutdown2.o(.ARM.Collect$$libshutdown$$00000009)
    __rt_lib_shutdown_stdio_1                0x00000303   Thumb Code     0  libshutdown2.o(.ARM.Collect$$libshutdown$$00000003)
    __rt_lib_shutdown_user_alloc_1           0x00000303   Thumb Code     0  libshutdown2.o(.ARM.Collect$$libshutdown$$0000000B)
    __rt_entry                               0x00000305   Thumb Code     0  rtentry.o(.ARM.Collect$$rtentry$$00000000)
    __rt_entry_presh_1                       0x00000305   Thumb Code     0  rtentry2.o(.ARM.Collect$$rtentry$$00000002)
    __rt_entry_sh                            0x00000305   Thumb Code     0  rtentry4.o(.ARM.Collect$$rtentry$$00000004)
    __rt_entry_li                            0x0000030b   Thumb Code     0  rtentry2.o(.ARM.Collect$$rtentry$$0000000A)
    __rt_entry_postsh_1                      0x0000030b   Thumb Code     0  rtentry2.o(.ARM.Collect$$rtentry$$00000009)
    __rt_entry_main                          0x0000030f   Thumb Code     0  rtentry2.o(.ARM.Collect$$rtentry$$0000000D)
    __rt_entry_postli_1                      0x0000030f   Thumb Code     0  rtentry2.o(.ARM.Collect$$rtentry$$0000000C)
    __rt_exit                                0x00000317   Thumb Code     0  rtexit.o(.ARM.Collect$$rtexit$$00000000)
    __rt_exit_ls                             0x00000319   Thumb Code     0  rtexit2.o(.ARM.Collect$$rtexit$$00000003)
    __rt_exit_prels_1                        0x00000319   Thumb Code     0  rtexit2.o(.ARM.Collect$$rtexit$$00000002)
    __rt_exit_exit                           0x0000031d   Thumb Code     0  rtexit2.o(.ARM.Collect$$rtexit$$00000004)
    rand                                     0x00000325   Thumb Code    48  rand.o(.emb_text)
    DisableInterrupts                        0x00000359   Thumb Code     0  startup.o(.text)
    EnableInterrupts                         0x0000035d   Thumb Code     0  startup.o(.text)
    StartCritical                            0x00000361   Thumb Code     0  startup.o(.text)
    EndCritical                              0x00000369   Thumb Code     0  startup.o(.text)
    WaitForInterrupt                         0x0000036f   Thumb Code     0  startup.o(.text)
    __user_initial_stackheap                 0x00000373   Thumb Code     0  startup.o(.text)
    Random_Init                              0x00000389   Thumb Code     0  random.o(.text)
    Random32                                 0x0000038f   Thumb Code     2  random.o(.text)
    Random                                   0x000003a1   Thumb Code     2  random.o(.text)
    LCD_OutDec                               0x000003c5   Thumb Code     0  print.o(.text)
    LCD_OutFix                               0x000003fb   Thumb Code     0  print.o(.text)
    writecommand                             0x00000491   Thumb Code     0  lcd.o(.text)
    writedata                                0x000004b9   Thumb Code     0  lcd.o(.text)
    srand                                    0x000004e1   Thumb Code    42  rand.o(.text)
    _rand_init                               0x0000050b   Thumb Code     4  rand.o(.text)
    __aeabi_memcpy4                          0x0000051d   Thumb Code     0  rt_memcpy_w.o(.text)
    __aeabi_memcpy8                          0x0000051d   Thumb Code     0  rt_memcpy_w.o(.text)
    __rt_memcpy_w                            0x0000051d   Thumb Code   100  rt_memcpy_w.o(.text)
    _memcpy_lastbytes_aligned                0x00000565   Thumb Code     0  rt_memcpy_w.o(.text)
    __use_two_region_memory                  0x00000581   Thumb Code     2  heapauxi.o(.text)
    __rt_heap_escrow$2region                 0x00000583   Thumb Code     2  heapauxi.o(.text)
    __rt_heap_expand$2region                 0x00000585   Thumb Code     2  heapauxi.o(.text)
    __user_setup_stackheap                   0x00000587   Thumb Code    74  sys_stackheap_outer.o(.text)
    exit                                     0x000005d1   Thumb Code    12  exit.o(.text)
    __user_libspace                          0x000005dd   Thumb Code     8  libspace.o(.text)
    __user_perproc_libspace                  0x000005dd   Thumb Code     0  libspace.o(.text)
    __user_perthread_libspace                0x000005dd   Thumb Code     0  libspace.o(.text)
    __I$use$semihosting                      0x000005e5   Thumb Code     0  use_no_semi.o(.text)
    __use_no_semihosting_swi                 0x000005e5   Thumb Code     2  use_no_semi.o(.text)
    __semihosting_library_function           0x000005e7   Thumb Code     0  indicate_semi.o(.text)
    _sys_exit                                0x000005e9   Thumb Code     8  sys_exit.o(.text)
    ADC0_In                                  0x000005f5   Thumb Code    48  adc.o(i.ADC0_In)
    ADC0_Init                                0x0000062d   Thumb Code   198  adc.o(i.ADC0_Init)
    ADC1_In                                  0x0000070d   Thumb Code     6  texas.o(i.ADC1_In)
    ADC1_Init                                0x00000719   Thumb Code   170  texas.o(i.ADC1_Init)
    AI_AI1                                   0x000007f1   Thumb Code   234  ai.o(i.AI_AI1)
    AI_AI3                                   0x000008dd   Thumb Code  1082  ai.o(i.AI_AI3)
    AI_AI4                                   0x00000d19   Thumb Code   850  ai.o(i.AI_AI4)
    AI_Init                                  0x00001071   Thumb Code   332  ai.o(i.AI_Init)
    AI_Update                                0x000011d1   Thumb Code   120  ai.o(i.AI_Update)
    Button0_Init                             0x0000124d   Thumb Code   136  button0.o(i.Button0_Init)
    Button0_Pressed                          0x000012fd   Thumb Code    20  button0.o(i.Button0_Pressed)
    Character_Collision                      0x00001315   Thumb Code   700  character.o(i.Character_Collision)
    Character_Draw                           0x000015d1   Thumb Code   104  character.o(i.Character_Draw)
    Character_DrawCharacters                 0x00001641   Thumb Code   166  character.o(i.Character_DrawCharacters)
    Character_UpdateCollisions               0x000016f9   Thumb Code    16  character.o(i.Character_UpdateCollisions)
    Character_UpdateCollisionsP              0x00001709   Thumb Code   188  character.o(i.Character_UpdateCollisionsP)
    Character_UpdateCollisionsS              0x000017c9   Thumb Code   442  character.o(i.Character_UpdateCollisionsS)
    Character_UpdatePowerups                 0x00001995   Thumb Code   344  character.o(i.Character_UpdatePowerups)
    DAC_Init                                 0x00001af5   Thumb Code   100  dac.o(i.DAC_Init)
    DAC_Out                                  0x00001b75   Thumb Code    16  dac.o(i.DAC_Out)
    Delay100ms                               0x00001b8d   Thumb Code    30  menu.o(i.Delay100ms)
    Delay1ms                                 0x00001bb1   Thumb Code    32  st7735.o(i.Delay1ms)
    FIFO_Put                                 0x00001bd1   Thumb Code    64  fifo.o(i.FIFO_Put)
    GPIOPortC_Handler                        0x00001c1d   Thumb Code    24  button0.o(i.GPIOPortC_Handler)
    HotPotato_Burn                           0x00001c41   Thumb Code    64  hotpotato.o(i.HotPotato_Burn)
    HotPotato_Cooldown                       0x00001c89   Thumb Code    68  hotpotato.o(i.HotPotato_Cooldown)
    HotPotato_DrawStatus                     0x00001cd1   Thumb Code   326  hotpotato.o(i.HotPotato_DrawStatus)
    HotPotato_Eliminate                      0x00001e65   Thumb Code   118  hotpotato.o(i.HotPotato_Eliminate)
    HotPotato_Init                           0x00001ee5   Thumb Code    68  hotpotato.o(i.HotPotato_Init)
    HotPotato_SetIt                          0x00001f31   Thumb Code   114  hotpotato.o(i.HotPotato_SetIt)
    HotPotato_Update                         0x00001fad   Thumb Code    20  hotpotato.o(i.HotPotato_Update)
    HotPotato_WhosIt                         0x00001fc1   Thumb Code     8  hotpotato.o(i.HotPotato_WhosIt)
    Master_Funk                              0x00001fcd   Thumb Code    42  tag.o(i.Master_Funk)
    Menu_Game                                0x00001ffd   Thumb Code    60  menu.o(i.Menu_Game)
    Menu_Init                                0x00002041   Thumb Code     8  menu.o(i.Menu_Init)
    Menu_Pregame                             0x0000204d   Thumb Code  1846  menu.o(i.Menu_Pregame)
    Menu_Start                               0x000027a5   Thumb Code    88  menu.o(i.Menu_Start)
    Music_Stop                               0x00002809   Thumb Code    16  sound.o(i.Music_Stop)
    Output_Init                              0x00002825   Thumb Code    16  st7735.o(i.Output_Init)
    PLL_Init                                 0x00002835   Thumb Code   118  texas.o(i.PLL_Init)
    Play                                     0x000028b1   Thumb Code   236  sound.o(i.Play)
    Player_InitP                             0x000029bd   Thumb Code    54  player.o(i.Player_InitP)
    Player_Move                              0x000029f9   Thumb Code    32  player.o(i.Player_Move)
    Player_Update                            0x00002a1d   Thumb Code    90  player.o(i.Player_Update)
    Player_UpdateVelocity                    0x00002a81   Thumb Code   606  player.o(i.Player_UpdateVelocity)
    PowerUp_HPUp                             0x00002ce5   Thumb Code    14  powerup.o(i.PowerUp_HPUp)
    PowerUp_Shield                           0x00002cf5   Thumb Code    66  powerup.o(i.PowerUp_Shield)
    PowerUp_SlowDown                         0x00002d3d   Thumb Code    46  powerup.o(i.PowerUp_SlowDown)
    PowerUp_SpeedUp                          0x00002d6b   Thumb Code    46  powerup.o(i.PowerUp_SpeedUp)
    Powerup_Draw                             0x00002d99   Thumb Code    56  powerup.o(i.Powerup_Draw)
    Powerup_DrawPowerups                     0x00002dd9   Thumb Code    56  powerup.o(i.Powerup_DrawPowerups)
    Powerup_Generate                         0x00002e15   Thumb Code   214  powerup.o(i.Powerup_Generate)
    Powerup_Init                             0x00002efd   Thumb Code   128  powerup.o(i.Powerup_Init)
    ST7735_DrawBitmap                        0x00002f89   Thumb Code   280  st7735.o(i.ST7735_DrawBitmap)
    ST7735_DrawCharS                         0x000030a9   Thumb Code   232  st7735.o(i.ST7735_DrawCharS)
    ST7735_DrawFastHLine                     0x0000319d   Thumb Code   116  st7735.o(i.ST7735_DrawFastHLine)
    ST7735_DrawFastVLine                     0x00003219   Thumb Code   116  st7735.o(i.ST7735_DrawFastVLine)
    ST7735_DrawPixel                         0x00003295   Thumb Code    64  st7735.o(i.ST7735_DrawPixel)
    ST7735_DrawString                        0x000032dd   Thumb Code    86  st7735.o(i.ST7735_DrawString)
    ST7735_FillRect                          0x00003335   Thumb Code   164  st7735.o(i.ST7735_FillRect)
    ST7735_FillScreen                        0x000033e1   Thumb Code    28  st7735.o(i.ST7735_FillScreen)
    ST7735_InitR                             0x00003405   Thumb Code    90  st7735.o(i.ST7735_InitR)
    ST7735_OutChar                           0x00003481   Thumb Code   178  st7735.o(i.ST7735_OutChar)
    ST7735_OutString                         0x00003559   Thumb Code    24  st7735.o(i.ST7735_OutString)
    ST7735_SetCursor                         0x00003571   Thumb Code    22  st7735.o(i.ST7735_SetCursor)
    ST7735_SetTextColor                      0x00003591   Thumb Code     6  st7735.o(i.ST7735_SetTextColor)
    Screen_Draw                              0x0000359d   Thumb Code   506  screen.o(i.Screen_Draw)
    Screen_Move                              0x000037cd   Thumb Code   272  screen.o(i.Screen_Move)
    Screen_Update                            0x000038fd   Thumb Code    12  screen.o(i.Screen_Update)
    SetCode                                  0x00003909   Thumb Code    20  texas.o(i.SetCode)
    SetCourse                                0x00003921   Thumb Code    20  texas.o(i.SetCourse)
    Sound_Highpitch                          0x00003939   Thumb Code    14  sound.o(i.Sound_Highpitch)
    Sound_Init                               0x0000394d   Thumb Code    18  sound.o(i.Sound_Init)
    Sound_Menutick1                          0x00003969   Thumb Code    14  sound.o(i.Sound_Menutick1)
    Sound_Menutick2                          0x0000397d   Thumb Code    14  sound.o(i.Sound_Menutick2)
    Sound_Play                               0x00003991   Thumb Code    24  sound.o(i.Sound_Play)
    Sound_Shoot                              0x000039b9   Thumb Code    14  sound.o(i.Sound_Shoot)
    SysTick_Handler                          0x000039cd   Thumb Code    10  systick.o(i.SysTick_Handler)
    SysTick_Init                             0x000039d9   Thumb Code    22  systick.o(i.SysTick_Init)
    SysTick_Start                            0x000039f5   Thumb Code    14  systick.o(i.SysTick_Start)
    TExaS_Init                               0x00003a05   Thumb Code   324  texas.o(i.TExaS_Init)
    Timer0A_Handler                          0x00003bc5   Thumb Code    16  timer0.o(i.Timer0A_Handler)
    Timer0_Init                              0x00003bdd   Thumb Code    76  timer0.o(i.Timer0_Init)
    Timer1A_Handler                          0x00003c3d   Thumb Code    16  timer1.o(i.Timer1A_Handler)
    Timer1_Init                              0x00003c55   Thumb Code    76  timer1.o(i.Timer1_Init)
    Timer2A_Handler                          0x00003cb5   Thumb Code   134  timer2.o(i.Timer2A_Handler)
    Timer4A_Handler                          0x00003d4d   Thumb Code    20  texas.o(i.Timer4A_Handler)
    Timer5A_Handler                          0x00003d6d   Thumb Code    34  texas.o(i.Timer5A_Handler)
    UART0_Init                               0x00003d9d   Thumb Code   160  texas.o(i.UART0_Init)
    UART1_Handler                            0x00003e5d   Thumb Code    68  uart1.o(i.UART1_Handler)
    UART1_Init                               0x00003eb1   Thumb Code   192  uart1.o(i.UART1_Init)
    UART1_OutChar                            0x00003f8d   Thumb Code    18  uart1.o(i.UART1_OutChar)
    main                                     0x00004181   Thumb Code    60  tag.o(i.main)
    NoInputMsg                               0x00004250   Data          40  texas.o(.constdata)
    OutputPortMsg0                           0x00004278   Data          40  texas.o(.constdata)
    OutputPortMsg1                           0x000042a0   Data          40  texas.o(.constdata)
    OutputPortMsg2                           0x000042c8   Data          40  texas.o(.constdata)
    OutputPortMsg3                           0x000042f0   Data          40  texas.o(.constdata)
    BlankMsg                                 0x00004318   Data          40  texas.o(.constdata)
    InitializedMsg                           0x00004340   Data          40  texas.o(.constdata)
    IntroMsg                                 0x00004368   Data          40  texas.o(.constdata)
    DoneMsg                                  0x00004390   Data          40  texas.o(.constdata)
    shoot                                    0x000043b8   Data        4080  sound.o(.constdata)
    invaderkilled                            0x000053a8   Data        3377  sound.o(.constdata)
    explosion                                0x000060d9   Data        2000  sound.o(.constdata)
    fastinvader1                             0x000068a9   Data         982  sound.o(.constdata)
    fastinvader2                             0x00006c7f   Data        1042  sound.o(.constdata)
    fastinvader3                             0x00007091   Data        1054  sound.o(.constdata)
    fastinvader4                             0x000074af   Data        1098  sound.o(.constdata)
    highpitch                                0x000078f9   Data        1802  sound.o(.constdata)
    menutick1                                0x00008003   Data        1091  sound.o(.constdata)
    menutick2                                0x00008446   Data         606  sound.o(.constdata)
    dBfs                                     0x00008c86   Data         512  st7735.o(.constdata)
    tileX                                    0x00008e86   Data         128  screen.o(.constdata)
    tileO                                    0x00008f06   Data         128  screen.o(.constdata)
    tileWhite                                0x00008f86   Data         128  screen.o(.constdata)
    tileBlack                                0x00009006   Data         128  screen.o(.constdata)
    dirt                                     0x00009086   Data         512  screen.o(.constdata)
    grass                                    0x00009286   Data         512  screen.o(.constdata)
    sand                                     0x00009486   Data         512  screen.o(.constdata)
    stone                                    0x00009686   Data         512  screen.o(.constdata)
    water                                    0x00009886   Data         512  screen.o(.constdata)
    wall                                     0x00009a86   Data         512  screen.o(.constdata)
    Red                                      0x00009c86   Data         672  character.o(.constdata)
    Sprite                                   0x00009f28   Data         240  bitmaps.o(.constdata)
    PowerupTile                              0x0000a018   Data          48  bitmaps.o(.constdata)
    Map                                      0x0000a048   Data          84  bitmaps.o(.constdata)
    Road                                     0x0000a09c   Data         160  bitmaps.o(.constdata)
    Island                                   0x0000a13c   Data         640  bitmaps.o(.constdata)
    Castle                                   0x0000a3bc   Data         640  bitmaps.o(.constdata)
    River                                    0x0000a63c   Data        1280  bitmaps.o(.constdata)
    Map1                                     0x0000ab3c   Data         640  bitmaps.o(.constdata)
    Map2                                     0x0000adbc   Data        2560  bitmaps.o(.constdata)
    Map3                                     0x0000b7bc   Data        1280  bitmaps.o(.constdata)
    SpeedUpTile                              0x0000bcbc   Data         512  bitmaps.o(.constdata)
    SlowDownTile                             0x0000bebc   Data         512  bitmaps.o(.constdata)
    ShieldTile                               0x0000c0bc   Data         512  bitmaps.o(.constdata)
    HPUpTile                                 0x0000c2bc   Data         512  bitmaps.o(.constdata)
    RedBall                                  0x0000c4bc   Data         512  bitmaps.o(.constdata)
    GreenBall                                0x0000c6bc   Data         512  bitmaps.o(.constdata)
    BlueBall                                 0x0000c8bc   Data         512  bitmaps.o(.constdata)
    SilverBall                               0x0000cabc   Data         512  bitmaps.o(.constdata)
    Blinky                                   0x0000ccbc   Data         512  bitmaps.o(.constdata)
    Pinky                                    0x0000cebc   Data         512  bitmaps.o(.constdata)
    Inky                                     0x0000d0bc   Data         512  bitmaps.o(.constdata)
    Clyde                                    0x0000d2bc   Data         512  bitmaps.o(.constdata)
    Pacman                                   0x0000d4bc   Data         512  bitmaps.o(.constdata)
    Longhorn                                 0x0000d6bc   Data         512  bitmaps.o(.constdata)
    SmallEnemy10pointA                       0x0000d8bc   Data         320  bitmaps.o(.constdata)
    SmallEnemy10pointB                       0x0000d9fc   Data         320  bitmaps.o(.constdata)
    SmallEnemy20pointA                       0x0000db3c   Data         320  bitmaps.o(.constdata)
    SmallEnemy20pointB                       0x0000dc7c   Data         320  bitmaps.o(.constdata)
    SmallEnemy30pointA                       0x0000ddbc   Data         320  bitmaps.o(.constdata)
    SmallEnemy30pointB                       0x0000defc   Data         320  bitmaps.o(.constdata)
    PlayerShip0                              0x0000e03c   Data         288  bitmaps.o(.constdata)
    Bunker0                                  0x0000e15c   Data         180  bitmaps.o(.constdata)
    SmallPotato                              0x0000e210   Data         128  bitmaps.o(.constdata)
    Cursor                                   0x0000e290   Data          98  bitmaps.o(.constdata)
    runningRobots                            0x0000e2f2   Data        8192  menu.o(.constdata)
    tag                                      0x000102f2   Data        3024  menu.o(.constdata)
    Region$$Table$$Base                      0x00010f28   Number         0  anon$$obj.o(Region$$Table)
    Region$$Table$$Limit                     0x00010f48   Number         0  anon$$obj.o(Region$$Table)
    TExaS_Period                             0x20000000   Data           4  texas.o(.data)
    TExaS_Ports                              0x20000004   Data           8  texas.o(.data)
    Display                                  0x2000000c   Data           1  texas.o(.data)
    TExaS_Meter                              0x20000010   Data           4  texas.o(.data)
    ADCnum                                   0x20000014   Data           4  texas.o(.data)
    LastMode                                 0x20000018   Data           4  texas.o(.data)
    bFlag                                    0x2000001c   Data           4  texas.o(.data)
    Count                                    0x20000020   Data           4  texas.o(.data)
    DelayBetweenTests                        0x20000024   Data           4  texas.o(.data)
    TExaS_Test                               0x20000028   Data           4  texas.o(.data)
    ScopeMode                                0x2000002c   Data           4  texas.o(.data)
    ScopeCount                               0x20000030   Data           4  texas.o(.data)
    PeriodicTask0                            0x20000034   Data           4  timer0.o(.data)
    PeriodicTask1                            0x20000038   Data           4  timer1.o(.data)
    MusicIndex                               0x2000003c   Data           4  sound.o(.data)
    MusicCounter                             0x20000040   Data           4  sound.o(.data)
    MusicCounterReload                       0x20000044   Data           4  sound.o(.data)
    Index                                    0x20000048   Data           4  sound.o(.data)
    Counter                                  0x2000004c   Data           4  sound.o(.data)
    MusicWave                                0x20000050   Data           4  sound.o(.data)
    Wave                                     0x20000054   Data           4  sound.o(.data)
    StX                                      0x20000058   Data           4  st7735.o(.data)
    StY                                      0x2000005c   Data           4  st7735.o(.data)
    StTextColor                              0x20000060   Data           2  st7735.o(.data)
    lastj                                    0x20000068   Data           4  st7735.o(.data)
    Messageindex                             0x20000070   Data           4  st7735.o(.data)
    Ymax                                     0x20000074   Data           4  st7735.o(.data)
    Ymin                                     0x20000078   Data           4  st7735.o(.data)
    X                                        0x2000007c   Data           4  st7735.o(.data)
    Yrange                                   0x20000080   Data           4  st7735.o(.data)
    frameXCord                               0x20000084   Data           4  screen.o(.data)
    frameYCord                               0x20000088   Data           4  screen.o(.data)
    mapScale                                 0x2000008c   Data           4  screen.o(.data)
    screenWidth                              0x20000090   Data           4  screen.o(.data)
    screenHeight                             0x20000094   Data           4  screen.o(.data)
    currentMap                               0x20000098   Data           4  screen.o(.data)
    it                                       0x2000009c   Data           2  hotpotato.o(.data)
    hpDivisor                                0x2000009e   Data           2  hotpotato.o(.data)
    PeriodicTask2                            0x200000a0   Data           4  timer2.o(.data)
    TxCounter                                0x200000a4   Data           4  timer2.o(.data)
    menu                                     0x200000a8   Data           2  menu.o(.data)
    FallingEdges                             0x200000ac   Data           4  button0.o(.data)
    Button0Pressed                           0x200000b0   Data           2  button0.o(.data)
    ErrorCount                               0x200000b4   Data           4  uart1.o(.data)
    RxCounter                                0x200000b8   Data           4  uart1.o(.data)
    FIFOIn                                   0x200000bc   Data           4  fifo.o(.data)
    FIFOOut                                  0x200000c0   Data           4  fifo.o(.data)
    TExaS                                    0x200000c8   Data          56  texas.o(.bss)
    Characters                               0x20000100   Data         612  character.o(.bss)
    Powerups                                 0x20000364   Data         100  powerup.o(.bss)
    FIFO                                     0x200003c8   Data          17  fifo.o(.bss)
    _random_number_data                      0x200003dc   Data         228  rand.o(.bss)
    __libspace_start                         0x200004c0   Data          96  libspace.o(.bss)
    __temporary_stack_top$libspace           0x20000520   Data           0  libspace.o(.bss)



==============================================================================

Memory Map of the image

  Image Entry point : 0x0000026d

  Load Region LR_1 (Base: 0x00000000, Size: 0x00011010, Max: 0xffffffff, ABSOLUTE)

    Execution Region ER_RO (Base: 0x00000000, Size: 0x00010f48, Max: 0xffffffff, ABSOLUTE)

    Base Addr    Size         Type   Attr      Idx    E Section Name        Object

    0x00000000   0x00000284   Code   RO            3  * RESET               startup.o
    0x00000284   0x00000008   Code   RO         1190  * !!!main             c_w.l(__main.o)
    0x0000028c   0x00000034   Code   RO         1344    !!!scatter          c_w.l(__scatter.o)
    0x000002c0   0x0000001a   Code   RO         1346    !!handler_copy      c_w.l(__scatter_copy.o)
    0x000002da   0x00000002   PAD
    0x000002dc   0x0000001c   Code   RO         1348    !!handler_zi        c_w.l(__scatter_zi.o)
    0x000002f8   0x00000002   Code   RO         1268    .ARM.Collect$$libinit$$00000000  c_w.l(libinit.o)
    0x000002fa   0x00000000   Code   RO         1194    .ARM.Collect$$libinit$$00000002  c_w.l(libinit2.o)
    0x000002fa   0x00000000   Code   RO         1197    .ARM.Collect$$libinit$$00000008  c_w.l(libinit2.o)
    0x000002fa   0x00000000   Code   RO         1199    .ARM.Collect$$libinit$$0000000A  c_w.l(libinit2.o)
    0x000002fa   0x00000004   Code   RO         1200    .ARM.Collect$$libinit$$0000000B  c_w.l(libinit2.o)
    0x000002fe   0x00000000   Code   RO         1201    .ARM.Collect$$libinit$$0000000C  c_w.l(libinit2.o)
    0x000002fe   0x00000000   Code   RO         1204    .ARM.Collect$$libinit$$0000000F  c_w.l(libinit2.o)
    0x000002fe   0x00000000   Code   RO         1206    .ARM.Collect$$libinit$$00000011  c_w.l(libinit2.o)
    0x000002fe   0x00000000   Code   RO         1208    .ARM.Collect$$libinit$$00000013  c_w.l(libinit2.o)
    0x000002fe   0x00000000   Code   RO         1210    .ARM.Collect$$libinit$$00000015  c_w.l(libinit2.o)
    0x000002fe   0x00000000   Code   RO         1212    .ARM.Collect$$libinit$$00000017  c_w.l(libinit2.o)
    0x000002fe   0x00000000   Code   RO         1214    .ARM.Collect$$libinit$$00000019  c_w.l(libinit2.o)
    0x000002fe   0x00000000   Code   RO         1216    .ARM.Collect$$libinit$$0000001B  c_w.l(libinit2.o)
    0x000002fe   0x00000000   Code   RO         1218    .ARM.Collect$$libinit$$0000001D  c_w.l(libinit2.o)
    0x000002fe   0x00000000   Code   RO         1220    .ARM.Collect$$libinit$$0000001F  c_w.l(libinit2.o)
    0x000002fe   0x00000000   Code   RO         1222    .ARM.Collect$$libinit$$00000021  c_w.l(libinit2.o)
    0x000002fe   0x00000000   Code   RO         1224    .ARM.Collect$$libinit$$00000023  c_w.l(libinit2.o)
    0x000002fe   0x00000000   Code   RO         1228    .ARM.Collect$$libinit$$0000002A  c_w.l(libinit2.o)
    0x000002fe   0x00000000   Code   RO         1230    .ARM.Collect$$libinit$$0000002C  c_w.l(libinit2.o)
    0x000002fe   0x00000000   Code   RO         1232    .ARM.Collect$$libinit$$0000002E  c_w.l(libinit2.o)
    0x000002fe   0x00000000   Code   RO         1234    .ARM.Collect$$libinit$$00000030  c_w.l(libinit2.o)
    0x000002fe   0x00000002   Code   RO         1235    .ARM.Collect$$libinit$$00000031  c_w.l(libinit2.o)
    0x00000300   0x00000002   Code   RO         1306    .ARM.Collect$$libshutdown$$00000000  c_w.l(libshutdown.o)
    0x00000302   0x00000000   Code   RO         1313    .ARM.Collect$$libshutdown$$00000003  c_w.l(libshutdown2.o)
    0x00000302   0x00000000   Code   RO         1316    .ARM.Collect$$libshutdown$$00000006  c_w.l(libshutdown2.o)
    0x00000302   0x00000000   Code   RO         1319    .ARM.Collect$$libshutdown$$00000009  c_w.l(libshutdown2.o)
    0x00000302   0x00000000   Code   RO         1321    .ARM.Collect$$libshutdown$$0000000B  c_w.l(libshutdown2.o)
    0x00000302   0x00000000   Code   RO         1324    .ARM.Collect$$libshutdown$$0000000E  c_w.l(libshutdown2.o)
    0x00000302   0x00000002   Code   RO         1325    .ARM.Collect$$libshutdown$$0000000F  c_w.l(libshutdown2.o)
    0x00000304   0x00000000   Code   RO         1192    .ARM.Collect$$rtentry$$00000000  c_w.l(rtentry.o)
    0x00000304   0x00000000   Code   RO         1237    .ARM.Collect$$rtentry$$00000002  c_w.l(rtentry2.o)
    0x00000304   0x00000006   Code   RO         1249    .ARM.Collect$$rtentry$$00000004  c_w.l(rtentry4.o)
    0x0000030a   0x00000000   Code   RO         1239    .ARM.Collect$$rtentry$$00000009  c_w.l(rtentry2.o)
    0x0000030a   0x00000004   Code   RO         1240    .ARM.Collect$$rtentry$$0000000A  c_w.l(rtentry2.o)
    0x0000030e   0x00000000   Code   RO         1242    .ARM.Collect$$rtentry$$0000000C  c_w.l(rtentry2.o)
    0x0000030e   0x00000008   Code   RO         1243    .ARM.Collect$$rtentry$$0000000D  c_w.l(rtentry2.o)
    0x00000316   0x00000002   Code   RO         1274    .ARM.Collect$$rtexit$$00000000  c_w.l(rtexit.o)
    0x00000318   0x00000000   Code   RO         1286    .ARM.Collect$$rtexit$$00000002  c_w.l(rtexit2.o)
    0x00000318   0x00000004   Code   RO         1287    .ARM.Collect$$rtexit$$00000003  c_w.l(rtexit2.o)
    0x0000031c   0x00000006   Code   RO         1288    .ARM.Collect$$rtexit$$00000004  c_w.l(rtexit2.o)
    0x00000322   0x00000002   PAD
    0x00000324   0x00000034   Code   RO         1181    .emb_text           c_w.l(rand.o)
    0x00000358   0x00000030   Code   RO            4    .text               startup.o
    0x00000388   0x0000003c   Code   RO           13    .text               random.o
    0x000003c4   0x000000cc   Code   RO          343    .text               print.o
    0x00000490   0x00000050   Code   RO          612    .text               lcd.o
    0x000004e0   0x0000003c   Code   RO         1182    .text               c_w.l(rand.o)
    0x0000051c   0x00000064   Code   RO         1186    .text               c_w.l(rt_memcpy_w.o)
    0x00000580   0x00000006   Code   RO         1188    .text               c_w.l(heapauxi.o)
    0x00000586   0x0000004a   Code   RO         1255    .text               c_w.l(sys_stackheap_outer.o)
    0x000005d0   0x0000000c   Code   RO         1257    .text               c_w.l(exit.o)
    0x000005dc   0x00000008   Code   RO         1271    .text               c_w.l(libspace.o)
    0x000005e4   0x00000002   Code   RO         1282    .text               c_w.l(use_no_semi.o)
    0x000005e6   0x00000000   Code   RO         1284    .text               c_w.l(indicate_semi.o)
    0x000005e6   0x00000002   PAD
    0x000005e8   0x0000000c   Code   RO         1298    .text               c_w.l(sys_exit.o)
    0x000005f4   0x00000038   Code   RO          161    i.ADC0_In           adc.o
    0x0000062c   0x000000e0   Code   RO          162    i.ADC0_Init         adc.o
    0x0000070c   0x0000000c   Code   RO           16    i.ADC1_In           texas.o
    0x00000718   0x000000d8   Code   RO           17    i.ADC1_Init         texas.o
    0x000007f0   0x000000ea   Code   RO          802    i.AI_AI1            ai.o
    0x000008da   0x00000002   PAD
    0x000008dc   0x0000043a   Code   RO          804    i.AI_AI3            ai.o
    0x00000d16   0x00000002   PAD
    0x00000d18   0x00000358   Code   RO          805    i.AI_AI4            ai.o
    0x00001070   0x00000160   Code   RO          806    i.AI_Init           ai.o
    0x000011d0   0x0000007c   Code   RO          807    i.AI_Update         ai.o
    0x0000124c   0x000000b0   Code   RO         1009    i.Button0_Init      button0.o
    0x000012fc   0x00000018   Code   RO         1010    i.Button0_Pressed   button0.o
    0x00001314   0x000002bc   Code   RO          716    i.Character_Collision  character.o
    0x000015d0   0x00000070   Code   RO          718    i.Character_Draw    character.o
    0x00001640   0x000000b8   Code   RO          720    i.Character_DrawCharacters  character.o
    0x000016f8   0x00000010   Code   RO          721    i.Character_UpdateCollisions  character.o
    0x00001708   0x000000c0   Code   RO          722    i.Character_UpdateCollisionsP  character.o
    0x000017c8   0x000001cc   Code   RO          723    i.Character_UpdateCollisionsS  character.o
    0x00001994   0x00000160   Code   RO          724    i.Character_UpdatePowerups  character.o
    0x00001af4   0x00000080   Code   RO          137    i.DAC_Init          dac.o
    0x00001b74   0x00000018   Code   RO          138    i.DAC_Out           dac.o
    0x00001b8c   0x00000024   Code   RO          966    i.Delay100ms        menu.o
    0x00001bb0   0x00000020   Code   RO          346    i.Delay1ms          st7735.o
    0x00001bd0   0x0000004c   Code   RO         1153    i.FIFO_Put          fifo.o
    0x00001c1c   0x00000024   Code   RO         1011    i.GPIOPortC_Handler  button0.o
    0x00001c40   0x00000048   Code   RO          847    i.HotPotato_Burn    hotpotato.o
    0x00001c88   0x00000048   Code   RO          848    i.HotPotato_Cooldown  hotpotato.o
    0x00001cd0   0x00000194   Code   RO          849    i.HotPotato_DrawStatus  hotpotato.o
    0x00001e64   0x00000080   Code   RO          850    i.HotPotato_Eliminate  hotpotato.o
    0x00001ee4   0x0000004c   Code   RO          851    i.HotPotato_Init    hotpotato.o
    0x00001f30   0x0000007c   Code   RO          852    i.HotPotato_SetIt   hotpotato.o
    0x00001fac   0x00000014   Code   RO          853    i.HotPotato_Update  hotpotato.o
    0x00001fc0   0x0000000c   Code   RO          854    i.HotPotato_WhosIt  hotpotato.o
    0x00001fcc   0x00000030   Code   RO          908    i.Master_Funk       tag.o
    0x00001ffc   0x00000044   Code   RO          967    i.Menu_Game         menu.o
    0x00002040   0x0000000c   Code   RO          968    i.Menu_Init         menu.o
    0x0000204c   0x00000758   Code   RO          969    i.Menu_Pregame      menu.o
    0x000027a4   0x00000064   Code   RO          970    i.Menu_Start        menu.o
    0x00002808   0x0000001c   Code   RO          226    i.Music_Stop        sound.o
    0x00002824   0x00000010   Code   RO          349    i.Output_Init       st7735.o
    0x00002834   0x0000007c   Code   RO           18    i.PLL_Init          texas.o
    0x000028b0   0x0000010c   Code   RO          228    i.Play              sound.o
    0x000029bc   0x0000003c   Code   RO          616    i.Player_InitP      player.o
    0x000029f8   0x00000024   Code   RO          617    i.Player_Move       player.o
    0x00002a1c   0x00000064   Code   RO          619    i.Player_Update     player.o
    0x00002a80   0x00000264   Code   RO          620    i.Player_UpdateVelocity  player.o
    0x00002ce4   0x0000000e   Code   RO         1060    i.PowerUp_HPUp      powerup.o
    0x00002cf2   0x00000002   PAD
    0x00002cf4   0x00000048   Code   RO         1061    i.PowerUp_Shield    powerup.o
    0x00002d3c   0x0000002e   Code   RO         1062    i.PowerUp_SlowDown  powerup.o
    0x00002d6a   0x0000002e   Code   RO         1063    i.PowerUp_SpeedUp   powerup.o
    0x00002d98   0x00000040   Code   RO         1064    i.Powerup_Draw      powerup.o
    0x00002dd8   0x0000003c   Code   RO         1065    i.Powerup_DrawPowerups  powerup.o
    0x00002e14   0x000000e8   Code   RO         1066    i.Powerup_Generate  powerup.o
    0x00002efc   0x0000008c   Code   RO         1067    i.Powerup_Init      powerup.o
    0x00002f88   0x00000120   Code   RO          353    i.ST7735_DrawBitmap  st7735.o
    0x000030a8   0x000000f4   Code   RO          355    i.ST7735_DrawCharS  st7735.o
    0x0000319c   0x0000007c   Code   RO          356    i.ST7735_DrawFastHLine  st7735.o
    0x00003218   0x0000007c   Code   RO          357    i.ST7735_DrawFastVLine  st7735.o
    0x00003294   0x00000048   Code   RO          358    i.ST7735_DrawPixel  st7735.o
    0x000032dc   0x00000056   Code   RO          359    i.ST7735_DrawString  st7735.o
    0x00003332   0x00000002   PAD
    0x00003334   0x000000ac   Code   RO          360    i.ST7735_FillRect   st7735.o
    0x000033e0   0x00000024   Code   RO          361    i.ST7735_FillScreen  st7735.o
    0x00003404   0x0000007c   Code   RO          363    i.ST7735_InitR      st7735.o
    0x00003480   0x000000d8   Code   RO          365    i.ST7735_OutChar    st7735.o
    0x00003558   0x00000018   Code   RO          366    i.ST7735_OutString  st7735.o
    0x00003570   0x00000020   Code   RO          376    i.ST7735_SetCursor  st7735.o
    0x00003590   0x0000000c   Code   RO          378    i.ST7735_SetTextColor  st7735.o
    0x0000359c   0x00000230   Code   RO          685    i.Screen_Draw       screen.o
    0x000037cc   0x00000130   Code   RO          686    i.Screen_Move       screen.o
    0x000038fc   0x0000000c   Code   RO          687    i.Screen_Update     screen.o
    0x00003908   0x00000018   Code   RO           19    i.SetCode           texas.o
    0x00003920   0x00000018   Code   RO           20    i.SetCourse         texas.o
    0x00003938   0x00000014   Code   RO          234    i.Sound_Highpitch   sound.o
    0x0000394c   0x0000001c   Code   RO          235    i.Sound_Init        sound.o
    0x00003968   0x00000014   Code   RO          237    i.Sound_Menutick1   sound.o
    0x0000397c   0x00000014   Code   RO          238    i.Sound_Menutick2   sound.o
    0x00003990   0x00000028   Code   RO          239    i.Sound_Play        sound.o
    0x000039b8   0x00000014   Code   RO          240    i.Sound_Shoot       sound.o
    0x000039cc   0x0000000a   Code   RO         1036    i.SysTick_Handler   systick.o
    0x000039d6   0x00000002   PAD
    0x000039d8   0x0000001c   Code   RO         1037    i.SysTick_Init      systick.o
    0x000039f4   0x0000000e   Code   RO         1038    i.SysTick_Start     systick.o
    0x00003a02   0x00000002   PAD
    0x00003a04   0x000001c0   Code   RO           24    i.TExaS_Init        texas.o
    0x00003bc4   0x00000018   Code   RO          182    i.Timer0A_Handler   timer0.o
    0x00003bdc   0x00000060   Code   RO          183    i.Timer0_Init       timer0.o
    0x00003c3c   0x00000018   Code   RO          203    i.Timer1A_Handler   timer1.o
    0x00003c54   0x00000060   Code   RO          204    i.Timer1_Init       timer1.o
    0x00003cb4   0x00000098   Code   RO          936    i.Timer2A_Handler   timer2.o
    0x00003d4c   0x00000020   Code   RO           26    i.Timer4A_Handler   texas.o
    0x00003d6c   0x00000030   Code   RO           27    i.Timer5A_Handler   texas.o
    0x00003d9c   0x000000c0   Code   RO           30    i.UART0_Init        texas.o
    0x00003e5c   0x00000054   Code   RO         1124    i.UART1_Handler     uart1.o
    0x00003eb0   0x000000dc   Code   RO         1125    i.UART1_Init        uart1.o
    0x00003f8c   0x00000018   Code   RO         1126    i.UART1_OutChar     uart1.o
    0x00003fa4   0x00000056   Code   RO          380    i.commandList       st7735.o
    0x00003ffa   0x00000002   PAD
    0x00003ffc   0x00000184   Code   RO          381    i.commonInit        st7735.o
    0x00004180   0x00000048   Code   RO          909    i.main              tag.o
    0x000041c8   0x00000012   Code   RO          386    i.pushColor         st7735.o
    0x000041da   0x00000002   PAD
    0x000041dc   0x00000074   Code   RO          387    i.setAddrWindow     st7735.o
    0x00004250   0x00000168   Data   RO           35    .constdata          texas.o
    0x000043b8   0x000042ec   Data   RO          241    .constdata          sound.o
    0x000086a4   0x000007e2   Data   RO          389    .constdata          st7735.o
    0x00008e86   0x00000e00   Data   RO          688    .constdata          screen.o
    0x00009c86   0x000002a0   Data   RO          726    .constdata          character.o
    0x00009f26   0x00000002   PAD
    0x00009f28   0x000043ca   Data   RO          790    .constdata          bitmaps.o
    0x0000e2f2   0x00002bd0   Data   RO          971    .constdata          menu.o
    0x00010ec2   0x00000002   PAD
    0x00010ec4   0x00000064   Data   RO         1069    .constdata          powerup.o
    0x00010f28   0x00000020   Data   RO         1342    Region$$Table       anon$$obj.o


    Execution Region ER_RW (Base: 0x20000000, Size: 0x000000c8, Max: 0xffffffff, ABSOLUTE)

    Base Addr    Size         Type   Attr      Idx    E Section Name        Object

    0x20000000   0x00000034   Data   RW           36    .data               texas.o
    0x20000034   0x00000004   Data   RW          184    .data               timer0.o
    0x20000038   0x00000004   Data   RW          205    .data               timer1.o
    0x2000003c   0x0000001c   Data   RW          242    .data               sound.o
    0x20000058   0x0000002c   Data   RW          390    .data               st7735.o
    0x20000084   0x00000018   Data   RW          689    .data               screen.o
    0x2000009c   0x00000004   Data   RW          855    .data               hotpotato.o
    0x200000a0   0x00000008   Data   RW          938    .data               timer2.o
    0x200000a8   0x00000002   Data   RW          972    .data               menu.o
    0x200000aa   0x00000002   PAD
    0x200000ac   0x00000006   Data   RW         1012    .data               button0.o
    0x200000b2   0x00000002   PAD
    0x200000b4   0x00000008   Data   RW         1127    .data               uart1.o
    0x200000bc   0x00000008   Data   RW         1155    .data               fifo.o
    0x200000c4   0x00000004   Data   RW           12    DATA                random.o


    Execution Region ER_ZI (Base: 0x200000c8, Size: 0x00000858, Max: 0xffffffff, ABSOLUTE)

    Base Addr    Size         Type   Attr      Idx    E Section Name        Object

    0x200000c8   0x00000038   Zero   RW           34    .bss                texas.o
    0x20000100   0x00000264   Zero   RW          725    .bss                character.o
    0x20000364   0x00000064   Zero   RW         1068    .bss                powerup.o
    0x200003c8   0x00000011   Zero   RW         1154    .bss                fifo.o
    0x200003d9   0x00000003   PAD
    0x200003dc   0x000000e4   Zero   RW         1183    .bss                c_w.l(rand.o)
    0x200004c0   0x00000060   Zero   RW         1272    .bss                c_w.l(libspace.o)
    0x20000520   0x00000000   Zero   RW            2    HEAP                startup.o
    0x20000520   0x00000400   Zero   RW            1    STACK               startup.o


==============================================================================

Image component sizes


      Code (inc. data)   RO Data    RW Data    ZI Data      Debug   Object Name

       280         34          0          0          0       1162   adc.o
      2648         36          0          0          0       4289   ai.o
         0          0      17354          0          0       2833   bitmaps.o
       236         56          0          6          0       1555   button0.o
      2016         56        672          0        612       5543   character.o
       152         36          0          0          0       3617   dac.o
        76         12          0          8         17       1049   fifo.o
       908        122          0          4          0       4175   hotpotato.o
        80         12          0          0          0        224   lcd.o
      2096        252      11216          2          0       3818   menu.o
       808         26          0          0          0       5519   player.o
       674         48        100          0        100       4928   powerup.o
       204          2          0          0          0        264   print.o
        60         14          0          4          0        224   random.o
       876         86       3584         24          0       2618   screen.o
       444         94      17132         28          0       4652   sound.o
      2210        206       2018         44          0      14956   st7735.o
       692        632          0          0       1024        948   startup.o
        52          6          0          0          0       1221   systick.o
       120         18          0          0          0        853   tag.o
      1120        248        360         52         56      17600   texas.o
       120         28          0          4          0       1376   timer0.o
       120         28          0          4          0       1376   timer1.o
       152         18          0          8          0       1132   timer2.o
       328         50          0          8          0       1508   uart1.o

    ----------------------------------------------------------------------
     16488       2120      52472        200       1812      87440   Object Totals
         0          0         32          0          0          0   (incl. Generated)
        16          0          4          4          3          0   (incl. Padding)

    ----------------------------------------------------------------------

      Code (inc. data)   RO Data    RW Data    ZI Data      Debug   Library Member Name

         8          0          0          0          0         68   __main.o
        52          8          0          0          0          0   __scatter.o
        26          0          0          0          0          0   __scatter_copy.o
        28          0          0          0          0          0   __scatter_zi.o
        12          0          0          0          0         72   exit.o
         6          0          0          0          0        152   heapauxi.o
         0          0          0          0          0          0   indicate_semi.o
         2          0          0          0          0          0   libinit.o
         6          0          0          0          0          0   libinit2.o
         2          0          0          0          0          0   libshutdown.o
         2          0          0          0          0          0   libshutdown2.o
         8          4          0          0         96         68   libspace.o
       112         18          0          0        228        160   rand.o
       100          0          0          0          0         80   rt_memcpy_w.o
         0          0          0          0          0          0   rtentry.o
        12          0          0          0          0          0   rtentry2.o
         6          0          0          0          0          0   rtentry4.o
         2          0          0          0          0          0   rtexit.o
        10          0          0          0          0          0   rtexit2.o
        12          4          0          0          0         68   sys_exit.o
        74          0          0          0          0         80   sys_stackheap_outer.o
         2          0          0          0          0         68   use_no_semi.o

    ----------------------------------------------------------------------
       488         34          0          0        324        816   Library Totals
         6          0          0          0          0          0   (incl. Padding)

    ----------------------------------------------------------------------

      Code (inc. data)   RO Data    RW Data    ZI Data      Debug   Library Name

       482         34          0          0        324        816   c_w.l

    ----------------------------------------------------------------------
       488         34          0          0        324        816   Library Totals

    ----------------------------------------------------------------------

==============================================================================


      Code (inc. data)   RO Data    RW Data    ZI Data      Debug   

     16976       2154      52472        200       2136      82952   Grand Totals
     16976       2154      52472        200       2136      82952   ELF Image Totals
     16976       2154      52472        200          0          0   ROM Totals

==============================================================================

    Total RO  Size (Code + RO Data)                69448 (  67.82kB)
    Total RW  Size (RW Data + ZI Data)              2336 (   2.28kB)
    Total ROM Size (Code + RO Data + RW Data)      69648 (  68.02kB)

==============================================================================

