<html>
<body>
<pre>
<h1>µVision Build Log</h1>
<h2>Project:</h2>
C:\Users\Koger\Desktop\Super Cool EE319K Folder\students\bma862_mkd788\Lab10\Tag.uvproj
Project File Date:  05/05/2015

<h2>Output:</h2>
Rebuild target 'Tag'
assembling startup.s...
assembling random.s...
compiling TExaS.c...
compiling DAC.c...
compiling ADC.c...
compiling Timer0.c...
compiling Timer1.c...
compiling Sound.c...
assembling Print.s...
compiling ST7735.c...
assembling LCD.s...
compiling Player.c...
compiling Screen.c...
compiling Character.c...
compiling Bitmaps.c...
compiling AI.c...
compiling HotPotato.c...
compiling Tag.c...
compiling Timer2.c...
compiling MusicLibrary.c...
compiling Menu.c...
compiling Button0.c...
compiling SysTick.c...
compiling Powerup.c...
compiling UART1.c...
compiling FIFO.c...
linking...
Program Size: Code=16976 RO-data=52472 RW-data=200 ZI-data=2136  
".\Tag.axf" - 0 Error(s), 0 Warning(s).
Load "C:\\Users\\Koger\\Desktop\\Super Cool EE319K Folder\\students\\bma862_mkd788\\Lab10\\Tag.axf" 
Connecting: Mode=JTAG, Speed=1000000Hz
Erase Done.
Programming Done.
Verify OK.
</pre>
</body>
</html>
.c...
".\Tag.axf" - 2 Error(s), 0 Warning(s).
Target not created
, 0 Warning(s).
Target not created
.c...
compiling Powerup.c...
compiling UART1.c...
compiling FIFO.c...
linking...
.\Tag.axf: Error: L6218E: Undefined symbol ADC_In (referred from timer2.o).
.\Tag.axf: Error: L6218E: Undefined symbol Convert (referred from timer2.o).
Not enough information to list image symbols.
Finished: 1 information, 0 warning and 2 error messages.
".\Tag.axf" - 2 Error(s), 3 Warning(s).
Target not created
