<html>
<body>
<pre>
<h1>µVision Build Log</h1>
<h2>Project:</h2>
C:\Users\Koger\Desktop\Super Cool EE319K Folder\students\bma862_mkd788\Lab8\Lab8.uvproj
Project File Date:  04/16/2015

<h2>Output:</h2>
Rebuild target 'Lab8'
assembling startup.s...
assembling LCD.s...
assembling Print.s...
compiling ADC.c...
compiling Lab8.c...
compiling ST7735.c...
compiling SysTick.c...
linking...
Program Size: Code=4732 RO-data=2292 RW-data=112 ZI-data=1176  
".\Lab8.axf" - 0 Error(s), 0 Warning(s).
</pre>
</body>
</html>
sktop\\Super Cool EE319K Folder\\students\\bma862_mkd788\\Lab8\\Lab8.axf" 
Connecting: Mode=JTAG, Speed=1000000Hz
Erase Done.
Programming Done.
Verify OK.
