<html>
<body>
<pre>
<h1>µVision Build Log</h1>
<h2>Project:</h2>
C:\Users\atchi_000\Desktop\Cool Name EE319K Repository\students\bma862_mkd788\Lab5\Lab5.uvproj
Project File Date:  03/12/2015

<h2>Output:</h2>
Rebuild target 'Lab5'
assembling startup.s...
compiling TrafficLight.c...
compiling SysTick.c...
linking...
Program Size: Code=3484 RO-data=14896 RW-data=76 ZI-data=1756  
".\Lab5.axf" - 0 Error(s), 0 Warning(s).
Load "C:\\Users\\atchi_000\\Desktop\\Cool Name EE319K Repository\\students\\bma862_mkd788\\Lab5\\Lab5.axf" 
Connecting: Mode=JTAG, Speed=1000000Hz
Erase Done.
Programming Done.
Error: Flash Download failed  -  "Cortex-M4"
Load "C:\\Users\\atchi_000\\Desktop\\Cool Name EE319K Repository\\students\\bma862_mkd788\\Lab5\\Lab5.axf" 
Connecting: Mode=JTAG, Speed=1000000Hz
Erase Done.
Programming Done.
Verify OK.
</pre>
</body>
</html>
