<html>
<body>
<pre>
<h1>µVision Build Log</h1>
<h2>Project:</h2>
C:\Users\Koger\Desktop\Super Cool EE319K Folder\students\bma862_mkd788\Lab6\Lab6.uvproj
Project File Date:  03/30/2015

<h2>Output:</h2>
Rebuild target 'Lab6'
assembling startup.s...
compiling Sound.c...
compiling piano.c...
compiling dac.c...
compiling Lab6.c...
compiling SysTick.c...
linking...
Program Size: Code=6340 RO-data=9592 RW-data=208 ZI-data=1816  
".\Lab6.axf" - 0 Error(s), 0 Warning(s).
Load "C:\\Users\\Koger\\Desktop\\Super Cool EE319K Folder\\students\\bma862_mkd788\\Lab6\\Lab6.axf" 
Connecting: Mode=JTAG, Speed=1000000Hz
Erase Done.
Programming Done.
Verify OK.
tion, 0 warning and 1 error messages.
".\Lab6.axf" - 1 Error(s), 1 Warning(s).
Target not created
1 information, 0 warning and 1 error messages.
".\Lab6.axf" - 1 Error(s), 2 Warning(s).
Target not created
